Microchip MPLAB XC8 Compiler V2.00 ()

Linker command line:

-W-3 --edf=C:\Program Files (x86)\Microchip\xc8\v2.00\pic\dat\en_msgs.txt \
  -cs -h+dist/default/production\FLIR_test.X.production.sym \
  --cmf=dist/default/production\FLIR_test.X.production.cmf -z -Q16F18875 \
  -oC:\Users\cmh52\AppData\Local\Temp\s77s.2 --defsym=__MPLAB_BUILD=1 \
  -Mdist/default/production/FLIR_test.X.production.map -E1 -ver=XC8 \
  --acfsm=1493 -ASTACK=0201Ah-0234bh -pstack=STACK -ACODE=00h-07FFhx4 \
  -ASTRCODE=00h-01FFFh -ASTRING=00h-0FFhx32 -ACONST=00h-0FFhx32 \
  -AENTRY=00h-0FFhx32 -ACOMMON=070h-07Fh -ABANK0=020h-06Fh \
  -ABANK1=0A0h-0EFh -ABANK2=0120h-016Fh -ABANK3=01A0h-01EFh \
  -ABANK4=0220h-026Fh -ABANK5=02A0h-02EFh -ABANK6=0320h-036Fh \
  -ABANK7=03A0h-03EFh -ABANK8=0420h-046Fh -ABANK9=04A0h-04EFh \
  -ABANK10=0520h-056Fh -ABANK11=05A0h-05EFh -ABANK12=0620h-064Fh \
  -ABIGRAM=02000h-023EFh \
  -ARAM=020h-06Fh,0A0h-0EFh,0120h-016Fh,01A0h-01EFh,0220h-026Fh,02A0h-02EFh,0320h-036Fh,03A0h-03EFh,0420h-046Fh,04A0h-04EFh,0520h-056Fh,05A0h-05EFh,0620h-064Fh \
  -AABS1=020h-07Fh,0A0h-0EFh,0120h-016Fh,01A0h-01EFh,0220h-026Fh,02A0h-02EFh,0320h-036Fh,03A0h-03EFh,0420h-046Fh,04A0h-04EFh,0520h-056Fh,05A0h-05EFh,0620h-064Fh \
  -ASFR0=00h-01Fh -ASFR1=080h-09Fh -ASFR2=0100h-011Fh -ASFR3=0180h-019Fh \
  -ASFR4=0200h-021Fh -ASFR5=0280h-029Fh -ASFR6=0300h-031Fh \
  -ASFR7=0380h-039Fh -ASFR8=0400h-041Fh -ASFR9=0480h-049Fh \
  -ASFR10=0500h-051Fh -ASFR11=0580h-059Fh -ASFR12=0600h-061Fh \
  -ASFR13=0680h-06EFh -ASFR14=0700h-076Fh -ASFR15=0780h-07EFh \
  -ASFR16=0800h-086Fh -ASFR17=0880h-08EFh -ASFR18=0900h-096Fh \
  -ASFR19=0980h-09EFh -ASFR20=0A00h-0A6Fh -ASFR21=0A80h-0AEFh \
  -ASFR22=0B00h-0B6Fh -ASFR23=0B80h-0BEFh -ASFR24=0C00h-0C6Fh \
  -ASFR25=0C80h-0CEFh -ASFR26=0D00h-0D6Fh -ASFR27=0D80h-0DEFh \
  -ASFR28=0E00h-0E6Fh -ASFR29=0E80h-0EEFh -ASFR30=0F00h-0F6Fh \
  -ASFR31=0F80h-0FEFh -preset_vec=00h,intentry,init,end_init -ppowerup=CODE \
  -pcinit=CODE -pfunctab=ENTRY -ACONFIG=08007h-0800Bh -pconfig=CONFIG \
  -DCONFIG=2 -AIDLOC=08000h-08003h -pidloc=IDLOC -DIDLOC=2 \
  -AEEDATA=00h-0FFh/0F000h -peeprom_data=EEDATA -DEEDATA=2 -DCODE=2 \
  -DSTRCODE=2 -DSTRING=2 -DCONST=2 -DENTRY=2 -k \
  C:\Users\cmh52\AppData\Local\Temp\s77s.o \
  dist/default/production\FLIR_test.X.production.o \
  build/default/production/delay.o 

Object code version is 3.11

Machine type is 16F18875



                Name                               Link     Load   Length Selector   Space Scale
C:\Users\cmh52\AppData\Local\Temp\s77s.o
                end_init                              2        2        2        0       0
                reset_vec                             0        0        2        0       0
                config                             8007     8007        5    1000E       0
dist/default/production\FLIR_test.X.production.o
                cinit                               7E4      7E4       1C      FC8       0
                text10_split_2                       5B       5B      789       B6       0
                text10_split_1                      E16      E16       84     1C2C       0
                text15                              CAB      CAB        6     1956       0
                text14                               17       17       44       2E       0
                text13                              CBD      CBD        8     197A       0
                text12                              CED      CED        D     19DA       0
                text11                              CC5      CC5        9     198A       0
                text10                              E9A      E9A       8C     1D34       0
                text9                               CFA      CFA       10     19F4       0
                text8                               CB1      CB1        6     1962       0
                text7                               CB7      CB7        6     196E       0
                text6                               CD7      CD7        A     19AE       0
                text5                               D0A      D0A       1B     1A14       0
                text4                               D60      D60       43     1AC0       0
                text3                               D25      D25       3B     1A4A       0
                text2                                 5        5       12        A       0
                text1                               F26      F26       DA     1E4C       0
                maintext                            DA3      DA3       73     1B46       0
                cstackBANK0                          20       20       15       20       1
                cstackCOMMON                         70       70        E       70       1
                clrtext                             CE1      CE1        C     19C2       0
                dataBANK0                            35       35        3       20       1
                bssBANK0                             38       38        2       20       1
                stringtext3                        1016     1016        3     2000       0
                stringtext2                        1012     1012        4     2000       0
                stringtext1                        1000     1000       12     2000       0
                idataBANK0                          CA8      CA8        3     1950       0
build/default/production/delay.o
                barfunc                             CCE      CCE        9     199C       0

TOTAL           Name                               Link     Load   Length     Space
        CLASS   STACK          

        CLASS   CODE           
                end_init                              2        2        2         0
                cinit                               7E4      7E4       1C         0
                reset_vec                             0        0        2         0
                text10_split_2                       5B       5B      789         0
                text10_split_1                      E16      E16       84         0
                text15                              CAB      CAB        6         0
                text14                               17       17       44         0
                text13                              CBD      CBD        8         0
                text12                              CED      CED        D         0
                text11                              CC5      CC5        9         0
                text10                              E9A      E9A       8C         0
                text9                               CFA      CFA       10         0
                text8                               CB1      CB1        6         0
                text7                               CB7      CB7        6         0
                text6                               CD7      CD7        A         0
                text5                               D0A      D0A       1B         0
                text4                               D60      D60       43         0
                text3                               D25      D25       3B         0
                text2                                 5        5       12         0
                text1                               F26      F26       DA         0
                maintext                            DA3      DA3       73         0
                clrtext                             CE1      CE1        C         0
                idataBANK0                          CA8      CA8        3         0
                barfunc                             CCE      CCE        9         0

        CLASS   STRCODE        
                stringtext3                        1016     1016        3         0
                stringtext2                        1012     1012        4         0
                stringtext1                        1000     1000       12         0

        CLASS   STRING         

        CLASS   CONST          

        CLASS   ENTRY          

        CLASS   COMMON         
                cstackCOMMON                         70       70        E         1

        CLASS   BANK0          
                cstackBANK0                          20       20       15         1
                dataBANK0                            35       35        3         1
                bssBANK0                             38       38        2         1

        CLASS   BANK1          

        CLASS   BANK2          

        CLASS   BANK3          

        CLASS   BANK4          

        CLASS   BANK5          

        CLASS   BANK6          

        CLASS   BANK7          

        CLASS   BANK8          

        CLASS   BANK9          

        CLASS   BANK10         

        CLASS   BANK11         

        CLASS   BANK12         

        CLASS   BIGRAM         

        CLASS   RAM            

        CLASS   ABS1           
                abs_s1                               7E       7E        2         1
                abs_s1                              54C      54C       24         1
                abs_s1                              5A0      5A0       50         1
                abs_s1                              620      620       30         1
                abs_s1                             234C     234C        0         1

        CLASS   SFR0           

        CLASS   SFR1           

        CLASS   SFR2           

        CLASS   SFR3           

        CLASS   SFR4           

        CLASS   SFR5           

        CLASS   SFR6           

        CLASS   SFR7           

        CLASS   SFR8           

        CLASS   SFR9           

        CLASS   SFR10          

        CLASS   SFR11          

        CLASS   SFR12          

        CLASS   SFR13          

        CLASS   SFR14          

        CLASS   SFR15          

        CLASS   SFR16          

        CLASS   SFR17          

        CLASS   SFR18          

        CLASS   SFR19          

        CLASS   SFR20          

        CLASS   SFR21          

        CLASS   SFR22          

        CLASS   SFR23          

        CLASS   SFR24          

        CLASS   SFR25          

        CLASS   SFR26          

        CLASS   SFR27          

        CLASS   SFR28          

        CLASS   SFR29          

        CLASS   SFR30          

        CLASS   SFR31          

        CLASS   CONFIG         
                config                             8007     8007        5         0

        CLASS   IDLOC          

        CLASS   EEDATA         

        CLASS   BANK31         

        CLASS   BANK30         

        CLASS   BANK29         

        CLASS   BANK28         

        CLASS   BANK27         

        CLASS   BANK26         

        CLASS   BANK25         

        CLASS   BANK24         

        CLASS   BANK23         

        CLASS   BANK22         

        CLASS   BANK21         

        CLASS   BANK20         

        CLASS   BANK19         

        CLASS   BANK18         

        CLASS   BANK17         

        CLASS   BANK16         

        CLASS   BANK15         

        CLASS   BANK14         

        CLASS   BANK13         



SEGMENTS        Name                           Load    Length   Top    Selector   Space  Class     Delta

                reset_vec                      000000  000004  000004         0       0  CODE        2
                text2                          000005  000012  000017         A       0  CODE        2
                cstackBANK0                    000020  00001A  00003A        20       1  BANK0       1
                text14                         000017  000044  00005B        2E       0  CODE        2
                cstackCOMMON                   000070  00000E  00007E        70       1  COMMON      1
                text10_split_2                 00005B  000789  0007E4        B6       0  CODE        2
                cinit                          0007E4  00001C  000800       FC8       0  CODE        2
                idataBANK0                     000CA8  000003  000CAB      1950       0  CODE        2
                text15                         000CAB  000006  000CB1      1956       0  CODE        2
                text8                          000CB1  000006  000CB7      1962       0  CODE        2
                text7                          000CB7  000006  000CBD      196E       0  CODE        2
                text13                         000CBD  000008  000CC5      197A       0  CODE        2
                text11                         000CC5  000009  000CCE      198A       0  CODE        2
                barfunc                        000CCE  000009  000CD7      199C       0  CODE        2
                text6                          000CD7  00000A  000CE1      19AE       0  CODE        2
                clrtext                        000CE1  00000C  000CED      19C2       0  CODE        2
                text12                         000CED  00000D  000CFA      19DA       0  CODE        2
                text9                          000CFA  000010  000D0A      19F4       0  CODE        2
                text5                          000D0A  00001B  000D25      1A14       0  CODE        2
                text3                          000D25  00003B  000D60      1A4A       0  CODE        2
                text4                          000D60  000043  000DA3      1AC0       0  CODE        2
                maintext                       000DA3  000073  000E16      1B46       0  CODE        2
                text10_split_1                 000E16  000084  000E9A      1C2C       0  CODE        2
                text10                         000E9A  00008C  000F26      1D34       0  CODE        2
                text1                          000F26  0000DA  001000      1E4C       0  CODE        2
                stringtext1                    001000  000019  001019      2000       0  STRCODE     2
                config                         008007  000005  00800C     1000E       0  CONFIG      2


UNUSED ADDRESS RANGES

        Name                Unused          Largest block    Delta
        BANK0            00003A-00006F               36           1
        BANK1            0000A0-0000EF               50           1
        BANK10           000520-00054B               2C           1
        BANK2            000120-00016F               50           1
        BANK3            0001A0-0001EF               50           1
        BANK4            000220-00026F               50           1
        BANK5            0002A0-0002EF               50           1
        BANK6            000320-00036F               50           1
        BANK7            0003A0-0003EF               50           1
        BANK8            000420-00046F               50           1
        BANK9            0004A0-0004EF               50           1
        BIGRAM           002000-0023EF              3F0           1
        CODE             000004-000004                1           2
                         000800-000CA7              4A8
                         001019-001FFF              7E7
        CONST            000004-000004                1           2
                         000800-000CA7              100
                         001019-001FFF              100
        EEDATA           00F000-00F0FF              100           2
        ENTRY            000004-000004                1           2
                         000800-000CA7              100
                         001019-001FFF              100
        IDLOC            008000-008003                4           2
        RAM              00003A-00006F               36           1
                         0000A0-0000EF               50
                         000120-00016F               50
                         0001A0-0001EF               50
                         000220-00026F               50
                         0002A0-0002EF               50
                         000320-00036F               50
                         0003A0-0003EF               50
                         000420-00046F               50
                         0004A0-0004EF               50
                         000520-00054B               2C
        SFR0             000000-00001F               20           1
        SFR1             000080-00009F               20           1
        SFR10            000500-00051F               20           1
        SFR11            000580-00059F               20           1
        SFR12            000600-00061F               20           1
        SFR13            000680-0006EF               70           1
        SFR14            000700-00076F               70           1
        SFR15            000780-0007EF               70           1
        SFR16            000800-00086F               70           1
        SFR17            000880-0008EF               70           1
        SFR18            000900-00096F               70           1
        SFR19            000980-0009EF               70           1
        SFR2             000100-00011F               20           1
        SFR20            000A00-000A6F               70           1
        SFR21            000A80-000AEF               70           1
        SFR22            000B00-000B6F               70           1
        SFR23            000B80-000BEF               70           1
        SFR24            000C00-000C6F               70           1
        SFR25            000C80-000CEF               70           1
        SFR26            000D00-000D6F               70           1
        SFR27            000D80-000DEF               70           1
        SFR28            000E00-000E6F               70           1
        SFR29            000E80-000EEF               70           1
        SFR3             000180-00019F               20           1
        SFR30            000F00-000F6F               70           1
        SFR31            000F80-000FEF               70           1
        SFR4             000200-00021F               20           1
        SFR5             000280-00029F               20           1
        SFR6             000300-00031F               20           1
        SFR7             000380-00039F               20           1
        SFR8             000400-00041F               20           1
        SFR9             000480-00049F               20           1
        STACK            00201A-00234B              332           1
        STRCODE          000004-000004                1           2
                         000800-000CA7              4A8
                         001019-001FFF              FE7
        STRING           000004-000004                1           2
                         000800-000CA7              100
                         001019-001FFF              100

                                  Symbol Table

?___lwdiv                       cstackCOMMON 000070
?___lwmod                       cstackCOMMON 000078
?_printf                        cstackBANK0  000020
_ANSELA                         (abs)        000F38
_ANSELB                         (abs)        000F43
_ANSELC                         (abs)        000F4E
_ANSELD                         (abs)        000F59
_ANSELE                         (abs)        000F64
_BAUD1CON                       (abs)        00011F
_INTCONbits                     (abs)        00000B
_IOCCFbits                      (abs)        000F55
_LATA                           (abs)        000016
_LATB                           (abs)        000017
_LATC                           (abs)        000018
_LATD                           (abs)        000019
_LATE                           (abs)        00001A
_OSCCON1                        (abs)        00088D
_OSCFRQ                         (abs)        000893
_OSCILLATOR_Initialize          text15       000CAB
_PIE0bits                       (abs)        000716
_PIE3bits                       (abs)        000719
_PIR3                           (abs)        00070F
_PIR3bits                       (abs)        00070F
_PORTA                          (abs)        00000C
_PORTB                          (abs)        00000D
_PORTC                          (abs)        00000E
_PORTCbits                      (abs)        00000E
_PORTD                          (abs)        00000F
_PORTDbits                      (abs)        00000F
_PORTE                          (abs)        000010
_PORT_PIN_Initialize1           text14       000017
_PPSLOCK                        (abs)        000E8F
_PPSLOCKbits                    (abs)        000E8F
_RB7PPS                         (abs)        000F1F
_RC1PPS                         (abs)        000F21
_RC1REG                         (abs)        000119
_RC1STA                         (abs)        00011D
_RC1STAbits                     (abs)        00011D
_RC3PPS                         (abs)        000F23
_RC4PPS                         (abs)        000F24
_RC6PPS                         (abs)        000F26
_RXPPS                          (abs)        000ECB
_SP1BRGH                        (abs)        00011C
_SP1BRGL                        (abs)        00011B
_SPI_FLIR_Initialize            text13       000CBD
_SSP1BUF                        (abs)        00018C
_SSP1CON1                       (abs)        000190
_SSP1DATPPS                     (abs)        000EC6
_SSP1IF                         (abs)        003878
_SSP1STAT                       (abs)        00018F
_SSP2ADD                        (abs)        000197
_SSP2BUF                        (abs)        000196
_SSP2CON1                       (abs)        00019A
_SSP2CON2                       (abs)        00019B
_SSP2CON2bits                   (abs)        00019B
_SSP2DATPPS                     (abs)        000EC9
_SSP2STATbits                   (abs)        000199
_TRISA                          (abs)        000011
_TRISB                          (abs)        000012
_TRISC                          (abs)        000013
_TRISD                          (abs)        000014
_TRISE                          (abs)        000015
_TX1REG                         (abs)        00011A
_TX1STA                         (abs)        00011E
_TX1STAbits                     (abs)        00011E
_UART_Initialize                text12       000CED
__CFG_BOREN$ON                  (abs)        000000
__CFG_BORV$LO                   (abs)        000000
__CFG_CLKOUTEN$OFF              (abs)        000000
__CFG_CP$OFF                    (abs)        000000
__CFG_CPD$OFF                   (abs)        000000
__CFG_CSWEN$ON                  (abs)        000000
__CFG_FCMEN$ON                  (abs)        000000
__CFG_FEXTOSC$OFF               (abs)        000000
__CFG_LPBOREN$OFF               (abs)        000000
__CFG_LVP$ON                    (abs)        000000
__CFG_MCLRE$ON                  (abs)        000000
__CFG_PPS1WAY$OFF               (abs)        000000
__CFG_PWRTE$OFF                 (abs)        000000
__CFG_RSTOSC$HFINT1             (abs)        000000
__CFG_SCANE$available           (abs)        000000
__CFG_STVREN$ON                 (abs)        000000
__CFG_WDTCCS$SC                 (abs)        000000
__CFG_WDTCPS$WDTCPS_31          (abs)        000000
__CFG_WDTCWS$WDTCWS_7           (abs)        000000
__CFG_WDTE$OFF                  (abs)        000000
__CFG_WRT$OFF                   (abs)        000000
__CFG_ZCD$OFF                   (abs)        000000
__Habs1                         abs1         000000
__Hbank0                        bank0        000000
__Hbank1                        bank1        000000
__Hbank10                       bank10       000000
__Hbank11                       bank11       000000
__Hbank12                       bank12       000000
__Hbank13                       bank13       000000
__Hbank14                       bank14       000000
__Hbank15                       bank15       000000
__Hbank16                       bank16       000000
__Hbank17                       bank17       000000
__Hbank18                       bank18       000000
__Hbank19                       bank19       000000
__Hbank2                        bank2        000000
__Hbank20                       bank20       000000
__Hbank21                       bank21       000000
__Hbank22                       bank22       000000
__Hbank23                       bank23       000000
__Hbank24                       bank24       000000
__Hbank25                       bank25       000000
__Hbank26                       bank26       000000
__Hbank27                       bank27       000000
__Hbank28                       bank28       000000
__Hbank29                       bank29       000000
__Hbank3                        bank3        000000
__Hbank30                       bank30       000000
__Hbank31                       bank31       000000
__Hbank4                        bank4        000000
__Hbank5                        bank5        000000
__Hbank6                        bank6        000000
__Hbank7                        bank7        000000
__Hbank8                        bank8        000000
__Hbank9                        bank9        000000
__Hbigram                       bigram       000000
__HbssBANK0                     bssBANK0     000000
__Hcinit                        cinit        000800
__Hclrtext                      clrtext      000000
__Hcode                         code         000000
__Hcommon                       common       000000
__Hconfig                       config       00800C
__HcstackBANK0                  cstackBANK0  000000
__HcstackCOMMON                 cstackCOMMON 000000
__HdataBANK0                    dataBANK0    000000
__Heeprom_data                  eeprom_data  000000
__Hend_init                     end_init     000004
__Hfunctab                      functab      000000
__HidataBANK0                   idataBANK0   000000
__Hidloc                        idloc        000000
__Hinit                         init         000002
__Hintentry                     intentry     000002
__Hmaintext                     maintext     000000
__Hpowerup                      powerup      000000
__Hram                          ram          000000
__Hreset_vec                    reset_vec    000002
__Hsfr0                         sfr0         000000
__Hsfr1                         sfr1         000000
__Hsfr10                        sfr10        000000
__Hsfr11                        sfr11        000000
__Hsfr12                        sfr12        000000
__Hsfr13                        sfr13        000000
__Hsfr14                        sfr14        000000
__Hsfr15                        sfr15        000000
__Hsfr16                        sfr16        000000
__Hsfr17                        sfr17        000000
__Hsfr18                        sfr18        000000
__Hsfr19                        sfr19        000000
__Hsfr2                         sfr2         000000
__Hsfr20                        sfr20        000000
__Hsfr21                        sfr21        000000
__Hsfr22                        sfr22        000000
__Hsfr23                        sfr23        000000
__Hsfr24                        sfr24        000000
__Hsfr25                        sfr25        000000
__Hsfr26                        sfr26        000000
__Hsfr27                        sfr27        000000
__Hsfr28                        sfr28        000000
__Hsfr29                        sfr29        000000
__Hsfr3                         sfr3         000000
__Hsfr30                        sfr30        000000
__Hsfr31                        sfr31        000000
__Hsfr4                         sfr4         000000
__Hsfr5                         sfr5         000000
__Hsfr6                         sfr6         000000
__Hsfr7                         sfr7         000000
__Hsfr8                         sfr8         000000
__Hsfr9                         sfr9         000000
__Hspace_0                      (abs)        00800C
__Hspace_1                      (abs)        00007E
__Hspace_2                      (abs)        000000
__Hspace_3                      (abs)        000000
__Hstack                        stack        000000
__Hstrings                      strings      000000
__Hstringtext1                  stringtext1  000000
__Hstringtext2                  stringtext2  000000
__Hstringtext3                  stringtext3  000000
__Hstringtext4                  stringtext4  000000
__Htext                         text         000000
__Labs1                         abs1         000000
__Lbank0                        bank0        000000
__Lbank1                        bank1        000000
__Lbank10                       bank10       000000
__Lbank11                       bank11       000000
__Lbank12                       bank12       000000
__Lbank13                       bank13       000000
__Lbank14                       bank14       000000
__Lbank15                       bank15       000000
__Lbank16                       bank16       000000
__Lbank17                       bank17       000000
__Lbank18                       bank18       000000
__Lbank19                       bank19       000000
__Lbank2                        bank2        000000
__Lbank20                       bank20       000000
__Lbank21                       bank21       000000
__Lbank22                       bank22       000000
__Lbank23                       bank23       000000
__Lbank24                       bank24       000000
__Lbank25                       bank25       000000
__Lbank26                       bank26       000000
__Lbank27                       bank27       000000
__Lbank28                       bank28       000000
__Lbank29                       bank29       000000
__Lbank3                        bank3        000000
__Lbank30                       bank30       000000
__Lbank31                       bank31       000000
__Lbank4                        bank4        000000
__Lbank5                        bank5        000000
__Lbank6                        bank6        000000
__Lbank7                        bank7        000000
__Lbank8                        bank8        000000
__Lbank9                        bank9        000000
__Lbigram                       bigram       000000
__LbssBANK0                     bssBANK0     000000
__Lcinit                        cinit        0007E4
__Lclrtext                      clrtext      000000
__Lcode                         code         000000
__Lcommon                       common       000000
__Lconfig                       config       008007
__LcstackBANK0                  cstackBANK0  000000
__LcstackCOMMON                 cstackCOMMON 000000
__LdataBANK0                    dataBANK0    000000
__Leeprom_data                  eeprom_data  000000
__Lend_init                     end_init     000002
__Lfunctab                      functab      000000
__LidataBANK0                   idataBANK0   000000
__Lidloc                        idloc        000000
__Linit                         init         000002
__Lintentry                     intentry     000002
__Lmaintext                     maintext     000000
__Lpowerup                      powerup      000000
__Lram                          ram          000000
__Lreset_vec                    reset_vec    000000
__Lsfr0                         sfr0         000000
__Lsfr1                         sfr1         000000
__Lsfr10                        sfr10        000000
__Lsfr11                        sfr11        000000
__Lsfr12                        sfr12        000000
__Lsfr13                        sfr13        000000
__Lsfr14                        sfr14        000000
__Lsfr15                        sfr15        000000
__Lsfr16                        sfr16        000000
__Lsfr17                        sfr17        000000
__Lsfr18                        sfr18        000000
__Lsfr19                        sfr19        000000
__Lsfr2                         sfr2         000000
__Lsfr20                        sfr20        000000
__Lsfr21                        sfr21        000000
__Lsfr22                        sfr22        000000
__Lsfr23                        sfr23        000000
__Lsfr24                        sfr24        000000
__Lsfr25                        sfr25        000000
__Lsfr26                        sfr26        000000
__Lsfr27                        sfr27        000000
__Lsfr28                        sfr28        000000
__Lsfr29                        sfr29        000000
__Lsfr3                         sfr3         000000
__Lsfr30                        sfr30        000000
__Lsfr31                        sfr31        000000
__Lsfr4                         sfr4         000000
__Lsfr5                         sfr5         000000
__Lsfr6                         sfr6         000000
__Lsfr7                         sfr7         000000
__Lsfr8                         sfr8         000000
__Lsfr9                         sfr9         000000
__Lspace_0                      (abs)        000000
__Lspace_1                      (abs)        000000
__Lspace_2                      (abs)        000000
__Lspace_3                      (abs)        000000
__Lstack                        stack        000000
__Lstrings                      strings      000000
__Lstringtext1                  stringtext1  000000
__Lstringtext2                  stringtext2  000000
__Lstringtext3                  stringtext3  000000
__Lstringtext4                  stringtext4  000000
__Ltext                         text         000000
__S0                            (abs)        00800C
__S1                            (abs)        00007E
__S2                            (abs)        000000
__S3                            (abs)        000000
___int_sp                       stack        000000
___latbits                      (abs)        000002
___lwdiv                        text4        000D60
___lwdiv@counter                cstackCOMMON 000077
___lwdiv@dividend               cstackCOMMON 000072
___lwdiv@divisor                cstackCOMMON 000070
___lwdiv@quotient               cstackCOMMON 000075
___lwmod                        text3        000D25
___lwmod@counter                cstackCOMMON 00007D
___lwmod@dividend               cstackCOMMON 00007A
___lwmod@divisor                cstackCOMMON 000078
___sp                           stack        000000
__end_of_OSCILLATOR_Initialize  text15       000CB1
__end_of_PORT_PIN_Initialize1   text14       00005B
__end_of_SPI_FLIR_Initialize    text13       000CC5
__end_of_UART_Initialize        text12       000CFA
__end_of___lwdiv                text4        000DA3
__end_of___lwmod                text3        000D60
__end_of__initialization        cinit        0007FD
__end_of_dpowers                stringtext1  00100A
__end_of_i2c_initialize         text11       000CCE
__end_of_i2c_start              text8        000CB7
__end_of_i2c_stop               text7        000CBD
__end_of_i2c_waitForIdle        text9        000D0A
__end_of_i2c_write              text6        000CE1
__end_of_lepton_capture_packet  text10_split_2 0007E4
__end_of_lepton_initialize      text5        000D25
__end_of_main                   maintext     000E16
__end_of_printf                 text1        001000
__end_of_putch                  text2        000017
__initialization                cinit        0007E4
__pbssBANK0                     bssBANK0     000038
__pbssBIGRAM                    (abs)        00234C
__pcstackBANK0                  cstackBANK0  000020
__pcstackCOMMON                 cstackCOMMON 000070
__pdataBANK0                    dataBANK0    000035
__pidataBANK0                   idataBANK0   000CA8
__pmaintext                     maintext     000DA3
__pstringtext1                  stringtext1  001000
__pstringtext2                  stringtext2  001012
__pstringtext3                  stringtext3  001016
__pstringtext4                  stringtext4  000000
__ptext1                        text1        000F26
__ptext10                       text10       000E9A
__ptext11                       text11       000CC5
__ptext12                       text12       000CED
__ptext13                       text13       000CBD
__ptext14                       text14       000017
__ptext15                       text15       000CAB
__ptext2                        text2        000005
__ptext3                        text3        000D25
__ptext4                        text4        000D60
__ptext5                        text5        000D0A
__ptext6                        text6        000CD7
__ptext7                        text7        000CB7
__ptext8                        text8        000CB1
__ptext9                        text9        000CFA
__size_of_OSCILLATOR_Initialize (abs)        000000
__size_of_PORT_PIN_Initialize1  (abs)        000000
__size_of_SPI_FLIR_Initialize   (abs)        000000
__size_of_UART_Initialize       (abs)        000000
__size_of___lwdiv               (abs)        000000
__size_of___lwmod               (abs)        000000
__size_of_i2c_initialize        (abs)        000000
__size_of_i2c_start             (abs)        000000
__size_of_i2c_stop              (abs)        000000
__size_of_i2c_waitForIdle       (abs)        000000
__size_of_i2c_write             (abs)        000000
__size_of_lepton_capture_packet (abs)        000000
__size_of_lepton_initialize     (abs)        000000
__size_of_main                  (abs)        000000
__size_of_printf                (abs)        000000
__size_of_putch                 (abs)        000000
_delay                          barfunc      000CCE
_discard                        bssBANK0     000039
_dpowers                        stringtext1  001000
_i2c_initialize                 text11       000CC5
_i2c_start                      text8        000CB1
_i2c_stop                       text7        000CB7
_i2c_waitForIdle                text9        000CFA
_i2c_write                      text6        000CD7
_image_packet                   (abs)        00234C
_lepton_capture_packet          text10       000E9A
_lepton_initialize              text5        000D0A
_main                           maintext     000DA3
_num_discard                    bssBANK0     000038
_packet_index                   dataBANK0    000035
_printf                         text1        000F26
_putch                          text2        000005
btemp                           (abs)        00007E
clear_ram0                      clrtext      000CE1
end_of_initialization           cinit        0007FD
i2c_write@i2cWriteData          cstackCOMMON 000071
intlevel0                       functab      000000
intlevel1                       functab      000000
intlevel2                       functab      000000
intlevel3                       functab      000000
intlevel4                       functab      000000
intlevel5                       functab      000000
main@frames                     cstackBANK0  000034
pnum$text10                     (abs)        000017
pnum$text10_split_1             (abs)        00001D
pnum$text10_split_2             (abs)        00001E
printf@ap                       cstackBANK0  000028
printf@c                        cstackBANK0  00002D
printf@f                        cstackBANK0  000020
printf@flag                     cstackBANK0  000029
printf@prec                     cstackBANK0  00002A
printf@val                      cstackBANK0  00002B
psplit$0                        (abs)        17001D
psplit$1                        (abs)        1D001E
putch@byte                      cstackCOMMON 000070
reset_vec                       reset_vec    000000
stackhi                         (abs)        00234B
stacklo                         (abs)        00201A
start                           init         000002
start_initialization            cinit        0007E4
wtemp0                          (abs)        00007E


FUNCTION INFORMATION:

 *************** function _main *****************
 Defined at:
		line 51 in file "main.c"
 Parameters:    Size  Location     Type
  argc            2   14[BANK0 ] int 
  argv            2   16[BANK0 ] PTR PTR unsigned char 
 Auto vars:     Size  Location     Type
  frames          1   20[BANK0 ] unsigned char 
 Return value:  Size  Location     Type
                  2   14[BANK0 ] int 
 Registers used:
		wreg, fsr0l, fsr0h, fsr1l, fsr1h, fsr1l, fsr1h, status,2, status,0, pclath, cstack
 Tracked objects:
		On entry : 
		On exit  : 
		Unchanged: 
 Data sizes:     COMMON   BANK0   BANK1   BANK2   BANK3   BANK4   BANK5   BANK6   BANK7   BANK8   BANK9  BANK10  BANK11  BANK12
      Params:         0       4       0       0       0       0       0       0       0       0       0       0       0       0
      Locals:         0       1       0       0       0       0       0       0       0       0       0       0       0       0
      Temps:          0       2       0       0       0       0       0       0       0       0       0       0       0       0
      Totals:         0       7       0       0       0       0       0       0       0       0       0       0       0       0
Total ram usage:        7 bytes
 Hardware stack levels required when called:    3
 This function calls:
		_OSCILLATOR_Initialize
		_PORT_PIN_Initialize1
		_SPI_FLIR_Initialize
		_UART_Initialize
		_i2c_initialize
		_lepton_capture_packet
		_lepton_initialize
		_printf
 This function is called by:
		Startup code after reset
 This function uses a non-reentrant model


 *************** function _printf *****************
 Defined at:
		line 472 in file "C:\Program Files (x86)\Microchip\xc8\v2.00\pic\sources\c90\common\doprnt.c"
 Parameters:    Size  Location     Type
  f               2    0[BANK0 ] PTR const unsigned char 
		 -> STR_3(3), STR_2(4), STR_1(8), 
 Auto vars:     Size  Location     Type
  tmpval          4    0        struct .
  val             2   11[BANK0 ] unsigned int 
  cp              2    0        PTR const unsigned char 
  len             2    0        unsigned int 
  c               1   13[BANK0 ] unsigned char 
  prec            1   10[BANK0 ] char 
  flag            1    9[BANK0 ] unsigned char 
  ap              1    8[BANK0 ] PTR void [1]
		 -> ?_printf(2), 
 Return value:  Size  Location     Type
                  2    0[BANK0 ] int 
 Registers used:
		wreg, fsr0l, fsr0h, fsr1l, fsr1h, status,2, status,0, pclath, cstack
 Tracked objects:
		On entry : 
		On exit  : 
		Unchanged: 
 Data sizes:     COMMON   BANK0   BANK1   BANK2   BANK3   BANK4   BANK5   BANK6   BANK7   BANK8   BANK9  BANK10  BANK11  BANK12
      Params:         0       4       0       0       0       0       0       0       0       0       0       0       0       0
      Locals:         0       6       0       0       0       0       0       0       0       0       0       0       0       0
      Temps:          0       4       0       0       0       0       0       0       0       0       0       0       0       0
      Totals:         0      14       0       0       0       0       0       0       0       0       0       0       0       0
Total ram usage:       14 bytes
 Hardware stack levels used:    1
 Hardware stack levels required when called:    1
 This function calls:
		___lwdiv
		___lwmod
		_putch
 This function is called by:
		_main
 This function uses a non-reentrant model


 *************** function _putch *****************
 Defined at:
		line 87 in file "serial_uart.c"
 Parameters:    Size  Location     Type
  byte            1    wreg     unsigned char 
 Auto vars:     Size  Location     Type
  byte            1    0[COMMON] unsigned char 
 Return value:  Size  Location     Type
                  1    wreg      void 
 Registers used:
		wreg
 Tracked objects:
		On entry : 
		On exit  : 
		Unchanged: 
 Data sizes:     COMMON   BANK0   BANK1   BANK2   BANK3   BANK4   BANK5   BANK6   BANK7   BANK8   BANK9  BANK10  BANK11  BANK12
      Params:         0       0       0       0       0       0       0       0       0       0       0       0       0       0
      Locals:         1       0       0       0       0       0       0       0       0       0       0       0       0       0
      Temps:          0       0       0       0       0       0       0       0       0       0       0       0       0       0
      Totals:         1       0       0       0       0       0       0       0       0       0       0       0       0       0
Total ram usage:        1 bytes
 Hardware stack levels used:    1
 This function calls:
		Nothing
 This function is called by:
		_printf
 This function uses a non-reentrant model


 *************** function ___lwmod *****************
 Defined at:
		line 5 in file "C:\Program Files (x86)\Microchip\xc8\v2.00\pic\sources\c90\common\lwmod.c"
 Parameters:    Size  Location     Type
  divisor         2    8[COMMON] unsigned int 
  dividend        2   10[COMMON] unsigned int 
 Auto vars:     Size  Location     Type
  counter         1   13[COMMON] unsigned char 
 Return value:  Size  Location     Type
                  2    8[COMMON] unsigned int 
 Registers used:
		wreg, status,2, status,0
 Tracked objects:
		On entry : 
		On exit  : 
		Unchanged: 
 Data sizes:     COMMON   BANK0   BANK1   BANK2   BANK3   BANK4   BANK5   BANK6   BANK7   BANK8   BANK9  BANK10  BANK11  BANK12
      Params:         4       0       0       0       0       0       0       0       0       0       0       0       0       0
      Locals:         1       0       0       0       0       0       0       0       0       0       0       0       0       0
      Temps:          1       0       0       0       0       0       0       0       0       0       0       0       0       0
      Totals:         6       0       0       0       0       0       0       0       0       0       0       0       0       0
Total ram usage:        6 bytes
 Hardware stack levels used:    1
 This function calls:
		Nothing
 This function is called by:
		_printf
 This function uses a non-reentrant model


 *************** function ___lwdiv *****************
 Defined at:
		line 5 in file "C:\Program Files (x86)\Microchip\xc8\v2.00\pic\sources\c90\common\lwdiv.c"
 Parameters:    Size  Location     Type
  divisor         2    0[COMMON] unsigned int 
  dividend        2    2[COMMON] unsigned int 
 Auto vars:     Size  Location     Type
  quotient        2    5[COMMON] unsigned int 
  counter         1    7[COMMON] unsigned char 
 Return value:  Size  Location     Type
                  2    0[COMMON] unsigned int 
 Registers used:
		wreg, status,2, status,0
 Tracked objects:
		On entry : 
		On exit  : 
		Unchanged: 
 Data sizes:     COMMON   BANK0   BANK1   BANK2   BANK3   BANK4   BANK5   BANK6   BANK7   BANK8   BANK9  BANK10  BANK11  BANK12
      Params:         4       0       0       0       0       0       0       0       0       0       0       0       0       0
      Locals:         3       0       0       0       0       0       0       0       0       0       0       0       0       0
      Temps:          1       0       0       0       0       0       0       0       0       0       0       0       0       0
      Totals:         8       0       0       0       0       0       0       0       0       0       0       0       0       0
Total ram usage:        8 bytes
 Hardware stack levels used:    1
 This function calls:
		Nothing
 This function is called by:
		_printf
 This function uses a non-reentrant model


 *************** function _lepton_initialize *****************
 Defined at:
		line 30 in file "lepton.c"
 Parameters:    Size  Location     Type
		None
 Auto vars:     Size  Location     Type
		None
 Return value:  Size  Location     Type
                  1    wreg      void 
 Registers used:
		wreg, status,2, status,0, pclath, cstack
 Tracked objects:
		On entry : 
		On exit  : 
		Unchanged: 
 Data sizes:     COMMON   BANK0   BANK1   BANK2   BANK3   BANK4   BANK5   BANK6   BANK7   BANK8   BANK9  BANK10  BANK11  BANK12
      Params:         0       0       0       0       0       0       0       0       0       0       0       0       0       0
      Locals:         0       0       0       0       0       0       0       0       0       0       0       0       0       0
      Temps:          0       0       0       0       0       0       0       0       0       0       0       0       0       0
      Totals:         0       0       0       0       0       0       0       0       0       0       0       0       0       0
Total ram usage:        0 bytes
 Hardware stack levels used:    1
 Hardware stack levels required when called:    2
 This function calls:
		_i2c_start
		_i2c_stop
		_i2c_write
 This function is called by:
		_main
 This function uses a non-reentrant model


 *************** function _i2c_write *****************
 Defined at:
		line 141 in file "serial_i2c.c"
 Parameters:    Size  Location     Type
  i2cWriteData    1    wreg     unsigned char 
 Auto vars:     Size  Location     Type
  i2cWriteData    1    1[COMMON] unsigned char 
 Return value:  Size  Location     Type
                  1    wreg      unsigned char 
 Registers used:
		wreg, status,2, status,0, pclath, cstack
 Tracked objects:
		On entry : 
		On exit  : 
		Unchanged: 
 Data sizes:     COMMON   BANK0   BANK1   BANK2   BANK3   BANK4   BANK5   BANK6   BANK7   BANK8   BANK9  BANK10  BANK11  BANK12
      Params:         0       0       0       0       0       0       0       0       0       0       0       0       0       0
      Locals:         1       0       0       0       0       0       0       0       0       0       0       0       0       0
      Temps:          0       0       0       0       0       0       0       0       0       0       0       0       0       0
      Totals:         1       0       0       0       0       0       0       0       0       0       0       0       0       0
Total ram usage:        1 bytes
 Hardware stack levels used:    1
 Hardware stack levels required when called:    1
 This function calls:
		_i2c_waitForIdle
 This function is called by:
		_lepton_initialize
 This function uses a non-reentrant model


 *************** function _i2c_stop *****************
 Defined at:
		line 84 in file "serial_i2c.c"
 Parameters:    Size  Location     Type
		None
 Auto vars:     Size  Location     Type
		None
 Return value:  Size  Location     Type
                  1    wreg      void 
 Registers used:
		wreg, status,2, status,0, pclath, cstack
 Tracked objects:
		On entry : 
		On exit  : 
		Unchanged: 
 Data sizes:     COMMON   BANK0   BANK1   BANK2   BANK3   BANK4   BANK5   BANK6   BANK7   BANK8   BANK9  BANK10  BANK11  BANK12
      Params:         0       0       0       0       0       0       0       0       0       0       0       0       0       0
      Locals:         0       0       0       0       0       0       0       0       0       0       0       0       0       0
      Temps:          0       0       0       0       0       0       0       0       0       0       0       0       0       0
      Totals:         0       0       0       0       0       0       0       0       0       0       0       0       0       0
Total ram usage:        0 bytes
 Hardware stack levels used:    1
 Hardware stack levels required when called:    1
 This function calls:
		_i2c_waitForIdle
 This function is called by:
		_lepton_initialize
 This function uses a non-reentrant model


 *************** function _i2c_start *****************
 Defined at:
		line 53 in file "serial_i2c.c"
 Parameters:    Size  Location     Type
		None
 Auto vars:     Size  Location     Type
		None
 Return value:  Size  Location     Type
                  1    wreg      void 
 Registers used:
		wreg, status,2, status,0, pclath, cstack
 Tracked objects:
		On entry : 
		On exit  : 
		Unchanged: 
 Data sizes:     COMMON   BANK0   BANK1   BANK2   BANK3   BANK4   BANK5   BANK6   BANK7   BANK8   BANK9  BANK10  BANK11  BANK12
      Params:         0       0       0       0       0       0       0       0       0       0       0       0       0       0
      Locals:         0       0       0       0       0       0       0       0       0       0       0       0       0       0
      Temps:          0       0       0       0       0       0       0       0       0       0       0       0       0       0
      Totals:         0       0       0       0       0       0       0       0       0       0       0       0       0       0
Total ram usage:        0 bytes
 Hardware stack levels used:    1
 Hardware stack levels required when called:    1
 This function calls:
		_i2c_waitForIdle
 This function is called by:
		_lepton_initialize
 This function uses a non-reentrant model


 *************** function _i2c_waitForIdle *****************
 Defined at:
		line 41 in file "serial_i2c.c"
 Parameters:    Size  Location     Type
		None
 Auto vars:     Size  Location     Type
		None
 Return value:  Size  Location     Type
                  1    wreg      void 
 Registers used:
		wreg, status,2, status,0
 Tracked objects:
		On entry : 
		On exit  : 
		Unchanged: 
 Data sizes:     COMMON   BANK0   BANK1   BANK2   BANK3   BANK4   BANK5   BANK6   BANK7   BANK8   BANK9  BANK10  BANK11  BANK12
      Params:         0       0       0       0       0       0       0       0       0       0       0       0       0       0
      Locals:         0       0       0       0       0       0       0       0       0       0       0       0       0       0
      Temps:          1       0       0       0       0       0       0       0       0       0       0       0       0       0
      Totals:         1       0       0       0       0       0       0       0       0       0       0       0       0       0
Total ram usage:        1 bytes
 Hardware stack levels used:    1
 This function calls:
		Nothing
 This function is called by:
		_i2c_start
		_i2c_stop
		_i2c_write
		_i2c_repStart
		_i2c_read
 This function uses a non-reentrant model


 *************** function _lepton_capture_packet *****************
 Defined at:
		line 125 in file "main.c"
 Parameters:    Size  Location     Type
		None
 Auto vars:     Size  Location     Type
		None
 Return value:  Size  Location     Type
                  1    wreg      void 
 Registers used:
		wreg, fsr0l, fsr0h, fsr1l, fsr1h, fsr1l, fsr1h, status,2, status,0, pclath, cstack
 Tracked objects:
		On entry : 
		On exit  : 
		Unchanged: 
 Data sizes:     COMMON   BANK0   BANK1   BANK2   BANK3   BANK4   BANK5   BANK6   BANK7   BANK8   BANK9  BANK10  BANK11  BANK12
      Params:         0       0       0       0       0       0       0       0       0       0       0       0       0       0
      Locals:         0       0       0       0       0       0       0       0       0       0       0       0       0       0
      Temps:          2       0       0       0       0       0       0       0       0       0       0       0       0       0
      Totals:         2       0       0       0       0       0       0       0       0       0       0       0       0       0
Total ram usage:        2 bytes
 Hardware stack levels used:    1
 Hardware stack levels required when called:    1
 This function calls:
		_delay
 This function is called by:
		_main
 This function uses a non-reentrant model


 *************** function _i2c_initialize *****************
 Defined at:
		line 25 in file "serial_i2c.c"
 Parameters:    Size  Location     Type
		None
 Auto vars:     Size  Location     Type
		None
 Return value:  Size  Location     Type
                  1    wreg      void 
 Registers used:
		wreg, status,2
 Tracked objects:
		On entry : 
		On exit  : 
		Unchanged: 
 Data sizes:     COMMON   BANK0   BANK1   BANK2   BANK3   BANK4   BANK5   BANK6   BANK7   BANK8   BANK9  BANK10  BANK11  BANK12
      Params:         0       0       0       0       0       0       0       0       0       0       0       0       0       0
      Locals:         0       0       0       0       0       0       0       0       0       0       0       0       0       0
      Temps:          0       0       0       0       0       0       0       0       0       0       0       0       0       0
      Totals:         0       0       0       0       0       0       0       0       0       0       0       0       0       0
Total ram usage:        0 bytes
 Hardware stack levels used:    1
 This function calls:
		Nothing
 This function is called by:
		_main
 This function uses a non-reentrant model


 *************** function _UART_Initialize *****************
 Defined at:
		line 25 in file "serial_uart.c"
 Parameters:    Size  Location     Type
		None
 Auto vars:     Size  Location     Type
		None
 Return value:  Size  Location     Type
                  1    wreg      void 
 Registers used:
		wreg, status,2
 Tracked objects:
		On entry : 
		On exit  : 
		Unchanged: 
 Data sizes:     COMMON   BANK0   BANK1   BANK2   BANK3   BANK4   BANK5   BANK6   BANK7   BANK8   BANK9  BANK10  BANK11  BANK12
      Params:         0       0       0       0       0       0       0       0       0       0       0       0       0       0
      Locals:         0       0       0       0       0       0       0       0       0       0       0       0       0       0
      Temps:          0       0       0       0       0       0       0       0       0       0       0       0       0       0
      Totals:         0       0       0       0       0       0       0       0       0       0       0       0       0       0
Total ram usage:        0 bytes
 Hardware stack levels used:    1
 This function calls:
		Nothing
 This function is called by:
		_main
 This function uses a non-reentrant model


 *************** function _SPI_FLIR_Initialize *****************
 Defined at:
		line 25 in file "serial_spi.c"
 Parameters:    Size  Location     Type
		None
 Auto vars:     Size  Location     Type
		None
 Return value:  Size  Location     Type
                  1    wreg      void 
 Registers used:
		wreg
 Tracked objects:
		On entry : 
		On exit  : 
		Unchanged: 
 Data sizes:     COMMON   BANK0   BANK1   BANK2   BANK3   BANK4   BANK5   BANK6   BANK7   BANK8   BANK9  BANK10  BANK11  BANK12
      Params:         0       0       0       0       0       0       0       0       0       0       0       0       0       0
      Locals:         0       0       0       0       0       0       0       0       0       0       0       0       0       0
      Temps:          0       0       0       0       0       0       0       0       0       0       0       0       0       0
      Totals:         0       0       0       0       0       0       0       0       0       0       0       0       0       0
Total ram usage:        0 bytes
 Hardware stack levels used:    1
 This function calls:
		Nothing
 This function is called by:
		_main
 This function uses a non-reentrant model


 *************** function _PORT_PIN_Initialize1 *****************
 Defined at:
		line 37 in file "config.c"
 Parameters:    Size  Location     Type
		None
 Auto vars:     Size  Location     Type
		None
 Return value:  Size  Location     Type
                  1    wreg      void 
 Registers used:
		wreg, status,2
 Tracked objects:
		On entry : 
		On exit  : 
		Unchanged: 
 Data sizes:     COMMON   BANK0   BANK1   BANK2   BANK3   BANK4   BANK5   BANK6   BANK7   BANK8   BANK9  BANK10  BANK11  BANK12
      Params:         0       0       0       0       0       0       0       0       0       0       0       0       0       0
      Locals:         0       0       0       0       0       0       0       0       0       0       0       0       0       0
      Temps:          0       0       0       0       0       0       0       0       0       0       0       0       0       0
      Totals:         0       0       0       0       0       0       0       0       0       0       0       0       0       0
Total ram usage:        0 bytes
 Hardware stack levels used:    1
 This function calls:
		Nothing
 This function is called by:
		_main
 This function uses a non-reentrant model


 *************** function _OSCILLATOR_Initialize *****************
 Defined at:
		line 22 in file "config.c"
 Parameters:    Size  Location     Type
		None
 Auto vars:     Size  Location     Type
		None
 Return value:  Size  Location     Type
                  1    wreg      void 
 Registers used:
		wreg
 Tracked objects:
		On entry : 
		On exit  : 
		Unchanged: 
 Data sizes:     COMMON   BANK0   BANK1   BANK2   BANK3   BANK4   BANK5   BANK6   BANK7   BANK8   BANK9  BANK10  BANK11  BANK12
      Params:         0       0       0       0       0       0       0       0       0       0       0       0       0       0
      Locals:         0       0       0       0       0       0       0       0       0       0       0       0       0       0
      Temps:          0       0       0       0       0       0       0       0       0       0       0       0       0       0
      Totals:         0       0       0       0       0       0       0       0       0       0       0       0       0       0
Total ram usage:        0 bytes
 Hardware stack levels used:    1
 This function calls:
		Nothing
 This function is called by:
		_main
 This function uses a non-reentrant model



MODULE INFORMATION

Module		Function		Class		Link	Load	Size
lepton.c
		_lepton_initialize		CODE           	0D0A	0000	28

lepton.c estimated size: 28

C:\Program Files (x86)\Microchip\xc8\v2.00\pic\sources\c90\common\lwmod.c
		___lwmod       		CODE           	0D25	0000	60

C:\Program Files (x86)\Microchip\xc8\v2.00\pic\sources\c90\common\lwmod.c estimated size: 60

serial_spi.c
		_SPI_FLIR_Initialize		CODE           	0CBD	0000	9

serial_spi.c estimated size: 9

C:\Program Files (x86)\Microchip\xc8\v2.00\pic\sources\c90\common\doprnt.c
		_printf        		CODE           	0F26	0000	219

C:\Program Files (x86)\Microchip\xc8\v2.00\pic\sources\c90\common\doprnt.c estimated size: 219

serial_uart.c
		_putch         		CODE           	0005	0000	19
		_UART_Initialize		CODE           	0CED	0000	14

serial_uart.c estimated size: 33

C:\Program Files (x86)\Microchip\xc8\v2.00\pic\sources\c90\common\lwdiv.c
		___lwdiv       		CODE           	0D60	0000	68

C:\Program Files (x86)\Microchip\xc8\v2.00\pic\sources\c90\common\lwdiv.c estimated size: 68

config.c
		_OSCILLATOR_Initialize		CODE           	0CAB	0000	7
		_PORT_PIN_Initialize1		CODE           	0017	0000	69

config.c estimated size: 76

shared
		_dpowers       		STRCODE        	1000	0000	11
		__initialization		CODE           	07E4	0000	26

shared estimated size: 37

serial_i2c.c
		_i2c_initialize		CODE           	0CC5	0000	10
		_i2c_start     		CODE           	0CB1	0000	7
		_i2c_waitForIdle		CODE           	0CFA	0000	17
		_i2c_write     		CODE           	0CD7	0000	11
		_i2c_stop      		CODE           	0CB7	0000	7

serial_i2c.c estimated size: 52

main.c
		_lepton_capture_packet		CODE           	0E9A	0000	2202
		_main          		CODE           	0DA3	0000	116

main.c estimated size: 2318

