Microchip MPLAB XC8 Compiler V2.00 ()

Linker command line:

-W-3 --edf=C:\Program Files (x86)\Microchip\xc8\v2.00\pic\dat\en_msgs.txt \
  -cs -h+dist/default/debug\SeniorDesign.X.debug.sym \
  --cmf=dist/default/debug\SeniorDesign.X.debug.cmf -z -Q16F18875 \
  -oC:\Users\cmh52\AppData\Local\Temp\s8j0.2 --defsym=__MPLAB_BUILD=1 \
  -Mdist/default/debug/SeniorDesign.X.debug.map -E1 -ver=XC8 --acfsm=1493 \
  -ASTACK=02025h-0234bh -pstack=STACK -ACODE=00h-07FFhx4 \
  -ASTRCODE=00h-01FFFh -ASTRING=00h-0FFhx32 -ACONST=00h-0FFhx32 \
  -AENTRY=00h-0FFhx32 -ACOMMON=070h-07Fh -ABANK0=020h-06Fh \
  -ABANK1=0A0h-0EFh -ABANK2=0120h-016Fh -ABANK3=01A0h-01EFh \
  -ABANK4=0220h-026Fh -ABANK5=02A0h-02EFh -ABANK6=0320h-036Fh \
  -ABANK7=03A0h-03EFh -ABANK8=0420h-046Fh -ABANK9=04A0h-04EFh \
  -ABANK10=0520h-056Fh -ABANK11=05A0h-05EFh -ABANK12=0620h-064Fh \
  -ABIGRAM=02000h-023EFh \
  -ARAM=020h-06Fh,0A0h-0EFh,0120h-016Fh,01A0h-01EFh,0220h-026Fh,02A0h-02EFh,0320h-036Fh,03A0h-03EFh,0420h-046Fh,04A0h-04EFh,0520h-056Fh,05A0h-05EFh,0620h-064Fh \
  -AABS1=020h-07Fh,0A0h-0EFh,0120h-016Fh,01A0h-01EFh,0220h-026Fh,02A0h-02EFh,0320h-036Fh,03A0h-03EFh,0420h-046Fh,04A0h-04EFh,0520h-056Fh,05A0h-05EFh,0620h-064Fh \
  -ASFR0=00h-01Fh -ASFR1=080h-09Fh -ASFR2=0100h-011Fh -ASFR3=0180h-019Fh \
  -ASFR4=0200h-021Fh -ASFR5=0280h-029Fh -ASFR6=0300h-031Fh \
  -ASFR7=0380h-039Fh -ASFR8=0400h-041Fh -ASFR9=0480h-049Fh \
  -ASFR10=0500h-051Fh -ASFR11=0580h-059Fh -ASFR12=0600h-061Fh \
  -ASFR13=0680h-06EFh -ASFR14=0700h-076Fh -ASFR15=0780h-07EFh \
  -ASFR16=0800h-086Fh -ASFR17=0880h-08EFh -ASFR18=0900h-096Fh \
  -ASFR19=0980h-09EFh -ASFR20=0A00h-0A6Fh -ASFR21=0A80h-0AEFh \
  -ASFR22=0B00h-0B6Fh -ASFR23=0B80h-0BEFh -ASFR24=0C00h-0C6Fh \
  -ASFR25=0C80h-0CEFh -ASFR26=0D00h-0D6Fh -ASFR27=0D80h-0DEFh \
  -ASFR28=0E00h-0E6Fh -ASFR29=0E80h-0EEFh -ASFR30=0F00h-0F6Fh \
  -ASFR31=0F80h-0FEFh -preset_vec=00h,intentry,init,end_init -ppowerup=CODE \
  -pcinit=CODE -pfunctab=ENTRY -ACONFIG=08007h-0800Bh -pconfig=CONFIG \
  -DCONFIG=2 -AIDLOC=08000h-08003h -pidloc=IDLOC -DIDLOC=2 \
  -AEEDATA=00h-0FFh/0F000h -peeprom_data=EEDATA -DEEDATA=2 -DCODE=2 \
  -DSTRCODE=2 -DSTRING=2 -DCONST=2 -DENTRY=2 -k \
  C:\Users\cmh52\AppData\Local\Temp\s8j0.o \
  dist/default/debug\SeniorDesign.X.debug.o build/default/debug/delay.o 

Object code version is 3.11

Machine type is 16F18875



                Name                               Link     Load   Length Selector   Space Scale
C:\Users\cmh52\AppData\Local\Temp\s8j0.o
                end_init                              2        2        2        0       0
                reset_vec                             0        0        2        0       0
                config                             8007     8007        5    1000E       0
dist/default/debug\SeniorDesign.X.debug.o
                cinit                               7D6      7D6       2A      FAC       0
                text22                              24B      24B        6      496       0
                text21                              35C      35C       45      6B8       0
                text20                              2E2      2E2       1F      5C4       0
                text19                              251      251        8      4A2       0
                text18                              259      259        8      4B2       0
                text17                              261      261        8      4C2       0
                text16                              2BB      2BB        D      576       0
                text15                              23E      23E        1      47C       0
                text14                              28D      28D        B      51A       0
                text13                              5B8      5B8      21E      B70       0
                text12                              4EE      4EE       CA      9DC       0
                text11                              23F      23F        1      47E       0
                text10                              271      271        9      4E2       0
                text9                               3ED      3ED       57      7DA       0
                text8                               298      298        B      530       0
                text7                               241      241        5      482       0
                text6                               246      246        5      48C       0
                text5                               269      269        8      4D2       0
                text4                               2C8      2C8       1A      590       0
                text3                               3A1      3A1       4C      742       0
                text2                               32C      32C       30      658       0
                text1                               301      301       2B      602       0
                maintext                            444      444       AA      888       0
                cstackBANK0                          3D       3D        8       20       1
                cstackCOMMON                         70       70        D       70       1
                clrtext                             2A3      2A3        C      546       0
                inittext                            2AF      2AF        C      55E       0
                dataBANK0                            33       33        A       20       1
                bssBANK0                             20       20       13       20       1
                dataCOMMON                           7D       7D        1       70       1
                idataBANK0                          283      283        A      506       0
                idataCOMMON                         240      240        1      480       0
build/default/debug/delay.o
                barfunc                             27A      27A        9      4F4       0

TOTAL           Name                               Link     Load   Length     Space
        CLASS   STACK          

        CLASS   CODE           
                end_init                              2        2        2         0
                cinit                               7D6      7D6       2A         0
                reset_vec                             0        0        2         0
                text22                              24B      24B        6         0
                text21                              35C      35C       45         0
                text20                              2E2      2E2       1F         0
                text19                              251      251        8         0
                text18                              259      259        8         0
                text17                              261      261        8         0
                text16                              2BB      2BB        D         0
                text15                              23E      23E        1         0
                text14                              28D      28D        B         0
                text13                              5B8      5B8      21E         0
                text12                              4EE      4EE       CA         0
                text11                              23F      23F        1         0
                text10                              271      271        9         0
                text9                               3ED      3ED       57         0
                text8                               298      298        B         0
                text7                               241      241        5         0
                text6                               246      246        5         0
                text5                               269      269        8         0
                text4                               2C8      2C8       1A         0
                text3                               3A1      3A1       4C         0
                text2                               32C      32C       30         0
                text1                               301      301       2B         0
                maintext                            444      444       AA         0
                clrtext                             2A3      2A3        C         0
                inittext                            2AF      2AF        C         0
                idataBANK0                          283      283        A         0
                idataCOMMON                         240      240        1         0
                barfunc                             27A      27A        9         0

        CLASS   STRCODE        

        CLASS   STRING         

        CLASS   CONST          

        CLASS   ENTRY          

        CLASS   COMMON         
                cstackCOMMON                         70       70        D         1
                dataCOMMON                           7D       7D        1         1

        CLASS   BANK0          
                cstackBANK0                          3D       3D        8         1
                dataBANK0                            33       33        A         1
                bssBANK0                             20       20       13         1

        CLASS   BANK1          

        CLASS   BANK2          

        CLASS   BANK3          

        CLASS   BANK4          

        CLASS   BANK5          

        CLASS   BANK6          

        CLASS   BANK7          

        CLASS   BANK8          

        CLASS   BANK9          

        CLASS   BANK10         

        CLASS   BANK11         

        CLASS   BANK12         

        CLASS   BIGRAM         

        CLASS   RAM            

        CLASS   ABS1           
                abs_s1                               7E       7E        2         1
                abs_s1                              54C      54C       24         1
                abs_s1                              5A0      5A0       50         1
                abs_s1                              620      620       30         1
                abs_s1                             234C     234C        0         1

        CLASS   SFR0           

        CLASS   SFR1           

        CLASS   SFR2           

        CLASS   SFR3           

        CLASS   SFR4           

        CLASS   SFR5           

        CLASS   SFR6           

        CLASS   SFR7           

        CLASS   SFR8           

        CLASS   SFR9           

        CLASS   SFR10          

        CLASS   SFR11          

        CLASS   SFR12          

        CLASS   SFR13          

        CLASS   SFR14          

        CLASS   SFR15          

        CLASS   SFR16          

        CLASS   SFR17          

        CLASS   SFR18          

        CLASS   SFR19          

        CLASS   SFR20          

        CLASS   SFR21          

        CLASS   SFR22          

        CLASS   SFR23          

        CLASS   SFR24          

        CLASS   SFR25          

        CLASS   SFR26          

        CLASS   SFR27          

        CLASS   SFR28          

        CLASS   SFR29          

        CLASS   SFR30          

        CLASS   SFR31          

        CLASS   CONFIG         
                config                             8007     8007        5         0

        CLASS   IDLOC          

        CLASS   EEDATA         

        CLASS   BANK31         

        CLASS   BANK30         

        CLASS   BANK29         

        CLASS   BANK28         

        CLASS   BANK27         

        CLASS   BANK26         

        CLASS   BANK25         

        CLASS   BANK24         

        CLASS   BANK23         

        CLASS   BANK22         

        CLASS   BANK21         

        CLASS   BANK20         

        CLASS   BANK19         

        CLASS   BANK18         

        CLASS   BANK17         

        CLASS   BANK16         

        CLASS   BANK15         

        CLASS   BANK14         

        CLASS   BANK13         



SEGMENTS        Name                           Load    Length   Top    Selector   Space  Class     Delta

                reset_vec                      000000  000004  000004         0       0  CODE        2
                bssBANK0                       000020  000025  000045        20       1  BANK0       1
                cstackCOMMON                   000070  00000E  00007E        70       1  COMMON      1
                text15                         00023E  000001  00023F       47C       0  CODE        2
                text11                         00023F  000001  000240       47E       0  CODE        2
                idataCOMMON                    000240  000001  000241       480       0  CODE        2
                text7                          000241  000005  000246       482       0  CODE        2
                text6                          000246  000005  00024B       48C       0  CODE        2
                text22                         00024B  000006  000251       496       0  CODE        2
                text19                         000251  000008  000259       4A2       0  CODE        2
                text18                         000259  000008  000261       4B2       0  CODE        2
                text17                         000261  000008  000269       4C2       0  CODE        2
                text5                          000269  000008  000271       4D2       0  CODE        2
                text10                         000271  000009  00027A       4E2       0  CODE        2
                barfunc                        00027A  000009  000283       4F4       0  CODE        2
                idataBANK0                     000283  00000A  00028D       506       0  CODE        2
                text14                         00028D  00000B  000298       51A       0  CODE        2
                text8                          000298  00000B  0002A3       530       0  CODE        2
                clrtext                        0002A3  00000C  0002AF       546       0  CODE        2
                inittext                       0002AF  00000C  0002BB       55E       0  CODE        2
                text16                         0002BB  00000D  0002C8       576       0  CODE        2
                text4                          0002C8  00001A  0002E2       590       0  CODE        2
                text20                         0002E2  00001F  000301       5C4       0  CODE        2
                text1                          000301  00002B  00032C       602       0  CODE        2
                text2                          00032C  000030  00035C       658       0  CODE        2
                text21                         00035C  000045  0003A1       6B8       0  CODE        2
                text3                          0003A1  00004C  0003ED       742       0  CODE        2
                text9                          0003ED  000057  000444       7DA       0  CODE        2
                maintext                       000444  0000AA  0004EE       888       0  CODE        2
                text12                         0004EE  0000CA  0005B8       9DC       0  CODE        2
                text13                         0005B8  00021E  0007D6       B70       0  CODE        2
                cinit                          0007D6  00002A  000800       FAC       0  CODE        2
                config                         008007  000005  00800C     1000E       0  CONFIG      2


UNUSED ADDRESS RANGES

        Name                Unused          Largest block    Delta
        BANK0            00045-0006F              2B           1
        BANK1            000A0-000EF              50           1
        BANK10           00520-0054B              2C           1
        BANK2            00120-0016F              50           1
        BANK3            001A0-001EF              50           1
        BANK4            00220-0026F              50           1
        BANK5            002A0-002EF              50           1
        BANK6            00320-0036F              50           1
        BANK7            003A0-003EF              50           1
        BANK8            00420-0046F              50           1
        BANK9            004A0-004EF              50           1
        BIGRAM           02000-023EF             3F0           1
        CODE             00004-0023D             23A           2
                         00800-01FFF             800
        CONST            00004-0023D             100           2
                         00800-01FFF             100
        EEDATA           0F000-0F0FF             100           2
        ENTRY            00004-0023D             100           2
                         00800-01FFF             100
        IDLOC            08000-08003               4           2
        RAM              00045-0006F              2B           1
                         000A0-000EF              50
                         00120-0016F              50
                         001A0-001EF              50
                         00220-0026F              50
                         002A0-002EF              50
                         00320-0036F              50
                         003A0-003EF              50
                         00420-0046F              50
                         004A0-004EF              50
                         00520-0054B              2C
        SFR0             00000-0001F              20           1
        SFR1             00080-0009F              20           1
        SFR10            00500-0051F              20           1
        SFR11            00580-0059F              20           1
        SFR12            00600-0061F              20           1
        SFR13            00680-006EF              70           1
        SFR14            00700-0076F              70           1
        SFR15            00780-007EF              70           1
        SFR16            00800-0086F              70           1
        SFR17            00880-008EF              70           1
        SFR18            00900-0096F              70           1
        SFR19            00980-009EF              70           1
        SFR2             00100-0011F              20           1
        SFR20            00A00-00A6F              70           1
        SFR21            00A80-00AEF              70           1
        SFR22            00B00-00B6F              70           1
        SFR23            00B80-00BEF              70           1
        SFR24            00C00-00C6F              70           1
        SFR25            00C80-00CEF              70           1
        SFR26            00D00-00D6F              70           1
        SFR27            00D80-00DEF              70           1
        SFR28            00E00-00E6F              70           1
        SFR29            00E80-00EEF              70           1
        SFR3             00180-0019F              20           1
        SFR30            00F00-00F6F              70           1
        SFR31            00F80-00FEF              70           1
        SFR4             00200-0021F              20           1
        SFR5             00280-0029F              20           1
        SFR6             00300-0031F              20           1
        SFR7             00380-0039F              20           1
        SFR8             00400-0041F              20           1
        SFR9             00480-0049F              20           1
        STACK            02025-0234B             327           1
        STRCODE          00004-0023D             23A           2
                         00800-01FFF            1800
        STRING           00004-0023D             100           2
                         00800-01FFF             100

                                  Symbol Table

SPI_ETHWIZ_Write@data            cstackCOMMON 00070
_ANSELA                          (abs)        00F38
_ANSELB                          (abs)        00F43
_ANSELC                          (abs)        00F4E
_ANSELD                          (abs)        00F59
_ANSELE                          (abs)        00F64
_BAUD1CON                        (abs)        0011F
_GPS_array_length                bssBANK0     00020
_GPS_location                    bssBANK0     00024
_GPS_location_current            bssBANK0     00022
_INTCONbits                      (abs)        0000B
_IOCCFbits                       (abs)        00F55
_LATA                            (abs)        00016
_LATB                            (abs)        00017
_LATC                            (abs)        00018
_LATD                            (abs)        00019
_LATE                            (abs)        0001A
_OSCCON1                         (abs)        0088D
_OSCFRQ                          (abs)        00893
_OSCILLATOR_Initialize           text22       0024B
_PIE0bits                        (abs)        00716
_PIE3bits                        (abs)        00719
_PIR3                            (abs)        0070F
_PIR3bits                        (abs)        0070F
_PORTA                           (abs)        0000C
_PORTB                           (abs)        0000D
_PORTBbits                       (abs)        0000D
_PORTC                           (abs)        0000E
_PORTCbits                       (abs)        0000E
_PORTD                           (abs)        0000F
_PORTDbits                       (abs)        0000F
_PORTE                           (abs)        00010
_PORT_PIN_Initialize1            text21       0035C
_PORT_PIN_Initialize2            text20       002E2
_PPSLOCK                         (abs)        00E8F
_PPSLOCKbits                     (abs)        00E8F
_RB1PPS                          (abs)        00F19
_RB3PPS                          (abs)        00F1B
_RB7PPS                          (abs)        00F1F
_RC1PPS                          (abs)        00F21
_RC1REG                          (abs)        00119
_RC1STA                          (abs)        0011D
_RC1STAbits                      (abs)        0011D
_RC3PPS                          (abs)        00F23
_RC4PPS                          (abs)        00F24
_RC6PPS                          (abs)        00F26
_RXPPS                           (abs)        00ECB
_SP1BRGH                         (abs)        0011C
_SP1BRGL                         (abs)        0011B
_SPI_Arducam_Initialize          text19       00251
_SPI_ETHWIZ_Initialize           text18       00259
_SPI_ETHWIZ_Write                text14       0028D
_SPI_FLIR_Initialize             text17       00261
_SSP1BUF                         (abs)        0018C
_SSP1CON1                        (abs)        00190
_SSP1DATPPS                      (abs)        00EC6
_SSP1IF                          (abs)        03878
_SSP1STAT                        (abs)        0018F
_SSP2ADD                         (abs)        00197
_SSP2BUF                         (abs)        00196
_SSP2CON1                        (abs)        0019A
_SSP2CON2                        (abs)        0019B
_SSP2CON2bits                    (abs)        0019B
_SSP2DATPPS                      (abs)        00EC9
_SSP2IF                          (abs)        0387A
_SSP2STAT                        (abs)        00199
_SSP2STATbits                    (abs)        00199
_TRISA                           (abs)        00011
_TRISB                           (abs)        00012
_TRISC                           (abs)        00013
_TRISD                           (abs)        00014
_TRISE                           (abs)        00015
_TX1REG                          (abs)        0011A
_TX1STA                          (abs)        0011E
_TX1STAbits                      (abs)        0011E
_UART_Initialize                 text16       002BB
__CFG_BOREN$ON                   (abs)        00000
__CFG_BORV$LO                    (abs)        00000
__CFG_CLKOUTEN$OFF               (abs)        00000
__CFG_CP$OFF                     (abs)        00000
__CFG_CPD$OFF                    (abs)        00000
__CFG_CSWEN$ON                   (abs)        00000
__CFG_FCMEN$ON                   (abs)        00000
__CFG_FEXTOSC$OFF                (abs)        00000
__CFG_LPBOREN$OFF                (abs)        00000
__CFG_LVP$ON                     (abs)        00000
__CFG_MCLRE$ON                   (abs)        00000
__CFG_PPS1WAY$OFF                (abs)        00000
__CFG_PWRTE$OFF                  (abs)        00000
__CFG_RSTOSC$HFINT1              (abs)        00000
__CFG_SCANE$available            (abs)        00000
__CFG_STVREN$ON                  (abs)        00000
__CFG_WDTCCS$SC                  (abs)        00000
__CFG_WDTCPS$WDTCPS_31           (abs)        00000
__CFG_WDTCWS$WDTCWS_7            (abs)        00000
__CFG_WDTE$OFF                   (abs)        00000
__CFG_WRT$OFF                    (abs)        00000
__CFG_ZCD$OFF                    (abs)        00000
__Habs1                          abs1         00000
__Hbank0                         bank0        00000
__Hbank1                         bank1        00000
__Hbank10                        bank10       00000
__Hbank11                        bank11       00000
__Hbank12                        bank12       00000
__Hbank13                        bank13       00000
__Hbank14                        bank14       00000
__Hbank15                        bank15       00000
__Hbank16                        bank16       00000
__Hbank17                        bank17       00000
__Hbank18                        bank18       00000
__Hbank19                        bank19       00000
__Hbank2                         bank2        00000
__Hbank20                        bank20       00000
__Hbank21                        bank21       00000
__Hbank22                        bank22       00000
__Hbank23                        bank23       00000
__Hbank24                        bank24       00000
__Hbank25                        bank25       00000
__Hbank26                        bank26       00000
__Hbank27                        bank27       00000
__Hbank28                        bank28       00000
__Hbank29                        bank29       00000
__Hbank3                         bank3        00000
__Hbank30                        bank30       00000
__Hbank31                        bank31       00000
__Hbank4                         bank4        00000
__Hbank5                         bank5        00000
__Hbank6                         bank6        00000
__Hbank7                         bank7        00000
__Hbank8                         bank8        00000
__Hbank9                         bank9        00000
__Hbigram                        bigram       00000
__HbssBANK0                      bssBANK0     00000
__Hcinit                         cinit        00800
__Hclrtext                       clrtext      00000
__Hcode                          code         00000
__Hcommon                        common       00000
__Hconfig                        config       0800C
__HcstackBANK0                   cstackBANK0  00000
__HcstackCOMMON                  cstackCOMMON 00000
__HdataBANK0                     dataBANK0    00000
__HdataCOMMON                    dataCOMMON   00000
__Heeprom_data                   eeprom_data  00000
__Hend_init                      end_init     00004
__Hfunctab                       functab      00000
__HidataBANK0                    idataBANK0   00000
__HidataCOMMON                   idataCOMMON  00000
__Hidloc                         idloc        00000
__Hinit                          init         00002
__Hinittext                      inittext     00000
__Hintentry                      intentry     00002
__Hmaintext                      maintext     00000
__Hpowerup                       powerup      00000
__Hram                           ram          00000
__Hreset_vec                     reset_vec    00002
__Hsfr0                          sfr0         00000
__Hsfr1                          sfr1         00000
__Hsfr10                         sfr10        00000
__Hsfr11                         sfr11        00000
__Hsfr12                         sfr12        00000
__Hsfr13                         sfr13        00000
__Hsfr14                         sfr14        00000
__Hsfr15                         sfr15        00000
__Hsfr16                         sfr16        00000
__Hsfr17                         sfr17        00000
__Hsfr18                         sfr18        00000
__Hsfr19                         sfr19        00000
__Hsfr2                          sfr2         00000
__Hsfr20                         sfr20        00000
__Hsfr21                         sfr21        00000
__Hsfr22                         sfr22        00000
__Hsfr23                         sfr23        00000
__Hsfr24                         sfr24        00000
__Hsfr25                         sfr25        00000
__Hsfr26                         sfr26        00000
__Hsfr27                         sfr27        00000
__Hsfr28                         sfr28        00000
__Hsfr29                         sfr29        00000
__Hsfr3                          sfr3         00000
__Hsfr30                         sfr30        00000
__Hsfr31                         sfr31        00000
__Hsfr4                          sfr4         00000
__Hsfr5                          sfr5         00000
__Hsfr6                          sfr6         00000
__Hsfr7                          sfr7         00000
__Hsfr8                          sfr8         00000
__Hsfr9                          sfr9         00000
__Hspace_0                       (abs)        0800C
__Hspace_1                       (abs)        0007E
__Hspace_2                       (abs)        00000
__Hspace_3                       (abs)        00000
__Hstack                         stack        00000
__Hstrings                       strings      00000
__Htext                          text         00000
__Labs1                          abs1         00000
__Lbank0                         bank0        00000
__Lbank1                         bank1        00000
__Lbank10                        bank10       00000
__Lbank11                        bank11       00000
__Lbank12                        bank12       00000
__Lbank13                        bank13       00000
__Lbank14                        bank14       00000
__Lbank15                        bank15       00000
__Lbank16                        bank16       00000
__Lbank17                        bank17       00000
__Lbank18                        bank18       00000
__Lbank19                        bank19       00000
__Lbank2                         bank2        00000
__Lbank20                        bank20       00000
__Lbank21                        bank21       00000
__Lbank22                        bank22       00000
__Lbank23                        bank23       00000
__Lbank24                        bank24       00000
__Lbank25                        bank25       00000
__Lbank26                        bank26       00000
__Lbank27                        bank27       00000
__Lbank28                        bank28       00000
__Lbank29                        bank29       00000
__Lbank3                         bank3        00000
__Lbank30                        bank30       00000
__Lbank31                        bank31       00000
__Lbank4                         bank4        00000
__Lbank5                         bank5        00000
__Lbank6                         bank6        00000
__Lbank7                         bank7        00000
__Lbank8                         bank8        00000
__Lbank9                         bank9        00000
__Lbigram                        bigram       00000
__LbssBANK0                      bssBANK0     00000
__Lcinit                         cinit        007D6
__Lclrtext                       clrtext      00000
__Lcode                          code         00000
__Lcommon                        common       00000
__Lconfig                        config       08007
__LcstackBANK0                   cstackBANK0  00000
__LcstackCOMMON                  cstackCOMMON 00000
__LdataBANK0                     dataBANK0    00000
__LdataCOMMON                    dataCOMMON   00000
__Leeprom_data                   eeprom_data  00000
__Lend_init                      end_init     00002
__Lfunctab                       functab      00000
__LidataBANK0                    idataBANK0   00000
__LidataCOMMON                   idataCOMMON  00000
__Lidloc                         idloc        00000
__Linit                          init         00002
__Linittext                      inittext     00000
__Lintentry                      intentry     00002
__Lmaintext                      maintext     00000
__Lpowerup                       powerup      00000
__Lram                           ram          00000
__Lreset_vec                     reset_vec    00000
__Lsfr0                          sfr0         00000
__Lsfr1                          sfr1         00000
__Lsfr10                         sfr10        00000
__Lsfr11                         sfr11        00000
__Lsfr12                         sfr12        00000
__Lsfr13                         sfr13        00000
__Lsfr14                         sfr14        00000
__Lsfr15                         sfr15        00000
__Lsfr16                         sfr16        00000
__Lsfr17                         sfr17        00000
__Lsfr18                         sfr18        00000
__Lsfr19                         sfr19        00000
__Lsfr2                          sfr2         00000
__Lsfr20                         sfr20        00000
__Lsfr21                         sfr21        00000
__Lsfr22                         sfr22        00000
__Lsfr23                         sfr23        00000
__Lsfr24                         sfr24        00000
__Lsfr25                         sfr25        00000
__Lsfr26                         sfr26        00000
__Lsfr27                         sfr27        00000
__Lsfr28                         sfr28        00000
__Lsfr29                         sfr29        00000
__Lsfr3                          sfr3         00000
__Lsfr30                         sfr30        00000
__Lsfr31                         sfr31        00000
__Lsfr4                          sfr4         00000
__Lsfr5                          sfr5         00000
__Lsfr6                          sfr6         00000
__Lsfr7                          sfr7         00000
__Lsfr8                          sfr8         00000
__Lsfr9                          sfr9         00000
__Lspace_0                       (abs)        00000
__Lspace_1                       (abs)        00000
__Lspace_2                       (abs)        00000
__Lspace_3                       (abs)        00000
__Lstack                         stack        00000
__Lstrings                       strings      00000
__Ltext                          text         00000
__S0                             (abs)        0800C
__S1                             (abs)        0007E
__S2                             (abs)        00000
__S3                             (abs)        00000
___int_sp                        stack        00000
___latbits                       (abs)        00002
___sp                            stack        00000
__end_of_OSCILLATOR_Initialize   text22       00251
__end_of_PORT_PIN_Initialize1    text21       003A1
__end_of_PORT_PIN_Initialize2    text20       00301
__end_of_SPI_Arducam_Initialize  text19       00259
__end_of_SPI_ETHWIZ_Initialize   text18       00261
__end_of_SPI_ETHWIZ_Write        text14       00298
__end_of_SPI_FLIR_Initialize     text17       00269
__end_of_UART_Initialize         text16       002C8
__end_of__initialization         cinit        007FD
__end_of_arducam_initialize      text15       0023F
__end_of_eth_wiz_configure       text13       007D6
__end_of_eth_wiz_createSocket    text12       005B8
__end_of_eth_wiz_transmit_end    text3        003ED
__end_of_eth_wiz_transmit_start  text2        0035C
__end_of_gnss5_acquire           text11       00240
__end_of_i2c_initialize          text10       0027A
__end_of_i2c_start               text7        00246
__end_of_i2c_stop                text6        0024B
__end_of_i2c_waitForIdle         text8        002A3
__end_of_i2c_write               text5        00271
__end_of_lepton_capture_packet   text9        00444
__end_of_lepton_initialize       text4        002E2
__end_of_lepton_send_packet      text1        0032C
__end_of_main                    maintext     004EE
__initialization                 cinit        007D6
__pbssBANK0                      bssBANK0     00020
__pbssBIGRAM                     (abs)        0234C
__pcstackBANK0                   cstackBANK0  0003D
__pcstackCOMMON                  cstackCOMMON 00070
__pdataBANK0                     dataBANK0    00033
__pdataCOMMON                    dataCOMMON   0007D
__pidataBANK0                    idataBANK0   00283
__pidataCOMMON                   idataCOMMON  00240
__pmaintext                      maintext     00444
__ptext1                         text1        00301
__ptext10                        text10       00271
__ptext11                        text11       0023F
__ptext12                        text12       004EE
__ptext13                        text13       005B8
__ptext14                        text14       0028D
__ptext15                        text15       0023E
__ptext16                        text16       002BB
__ptext17                        text17       00261
__ptext18                        text18       00259
__ptext19                        text19       00251
__ptext2                         text2        0032C
__ptext20                        text20       002E2
__ptext21                        text21       0035C
__ptext22                        text22       0024B
__ptext3                         text3        003A1
__ptext4                         text4        002C8
__ptext5                         text5        00269
__ptext6                         text6        00246
__ptext7                         text7        00241
__ptext8                         text8        00298
__ptext9                         text9        003ED
__size_of_OSCILLATOR_Initialize  (abs)        00000
__size_of_PORT_PIN_Initialize1   (abs)        00000
__size_of_PORT_PIN_Initialize2   (abs)        00000
__size_of_SPI_Arducam_Initialize (abs)        00000
__size_of_SPI_ETHWIZ_Initialize  (abs)        00000
__size_of_SPI_ETHWIZ_Write       (abs)        00000
__size_of_SPI_FLIR_Initialize    (abs)        00000
__size_of_UART_Initialize        (abs)        00000
__size_of_arducam_initialize     (abs)        00000
__size_of_eth_wiz_configure      (abs)        00000
__size_of_eth_wiz_createSocket   (abs)        00000
__size_of_eth_wiz_transmit_end   (abs)        00000
__size_of_eth_wiz_transmit_start (abs)        00000
__size_of_gnss5_acquire          (abs)        00000
__size_of_i2c_initialize         (abs)        00000
__size_of_i2c_start              (abs)        00000
__size_of_i2c_stop               (abs)        00000
__size_of_i2c_waitForIdle        (abs)        00000
__size_of_i2c_write              (abs)        00000
__size_of_lepton_capture_packet  (abs)        00000
__size_of_lepton_initialize      (abs)        00000
__size_of_lepton_send_packet     (abs)        00000
__size_of_main                   (abs)        00000
_arducam_initialize              text15       0023E
_common_reg_write                dataBANK0    00038
_delay                           barfunc      0027A
_discard                         bssBANK0     00032
_eth_wiz_configure               text13       005B8
_eth_wiz_createSocket            text12       004EE
_eth_wiz_transmit_end            text3        003A1
_eth_wiz_transmit_start          text2        0032C
_gnss5_acquire                   text11       0023F
_i2c_initialize                  text10       00271
_i2c_start                       text7        00241
_i2c_stop                        text6        00246
_i2c_waitForIdle                 text8        00298
_i2c_write                       text5        00269
_image_packet                    (abs)        0234C
_lepton_capture_packet           text9        003ED
_lepton_initialize               text4        002C8
_lepton_send_packet              text1        00301
_main                            maintext     00444
_mission_stage_check             dataBANK0    0003C
_num_discard                     bssBANK0     00031
_packet_index                    dataBANK0    00039
_s0_IR_check                     bssBANK0     00026
_s0_SR_check                     bssBANK0     00027
_s0_reg_read                     dataBANK0    00037
_s0_reg_write                    dataCOMMON   0007D
_s0_rx_buf_read                  dataBANK0    00033
_s0_rx_datalength_high           bssBANK0     00029
_s0_rx_datalength_low            bssBANK0     00028
_s0_rx_readpointer_high          bssBANK0     0002D
_s0_rx_readpointer_low           bssBANK0     0002C
_s0_rx_writepointer_high         bssBANK0     0002B
_s0_rx_writepointer_low          bssBANK0     0002A
_s0_tx_buf_write                 dataBANK0    00036
_s0_tx_pointer_high              bssBANK0     0002F
_s0_tx_pointer_low               bssBANK0     0002E
btemp                            (abs)        0007E
clear_ram0                       clrtext      002A3
end_of_initialization            cinit        007FD
eth_wiz_createSocket@connected   cstackCOMMON 00072
eth_wiz_transmit_end@value       cstackCOMMON 00076
i2c_write@i2cWriteData           cstackCOMMON 00071
init_ram                         inittext     002AF
intlevel0                        functab      00000
intlevel1                        functab      00000
intlevel2                        functab      00000
intlevel3                        functab      00000
intlevel4                        functab      00000
intlevel5                        functab      00000
lepton_capture_packet@i          cstackCOMMON 00072
lepton_send_packet@i             cstackCOMMON 0007A
lepton_send_packet@junk          cstackCOMMON 00079
main@IR_check                    cstackBANK0  00043
main@first_send                  cstackBANK0  00044
main@i                           cstackBANK0  00041
reset_vec                        reset_vec    00000
stackhi                          (abs)        0234B
stacklo                          (abs)        02025
start                            init         00002
start_initialization             cinit        007D6
wtemp0                           (abs)        0007E


FUNCTION INFORMATION:

 *************** function _main *****************
 Defined at:
		line 63 in file "main.c"
 Parameters:    Size  Location     Type
  argc            2    0[BANK0 ] int 
  argv            2    2[BANK0 ] PTR PTR unsigned char 
 Auto vars:     Size  Location     Type
  i               2    4[BANK0 ] int 
  first_send      1    7[BANK0 ] unsigned char 
  IR_check        1    6[BANK0 ] unsigned char 
 Return value:  Size  Location     Type
                  2    0[BANK0 ] int 
 Registers used:
		wreg, fsr0l, fsr0h, fsr1l, fsr1h, fsr1l, fsr1h, status,2, status,0, pclath, cstack
 Tracked objects:
		On entry : 
		On exit  : 
		Unchanged: 
 Data sizes:     COMMON   BANK0   BANK1   BANK2   BANK3   BANK4   BANK5   BANK6   BANK7   BANK8   BANK9  BANK10  BANK11  BANK12
      Params:         0       4       0       0       0       0       0       0       0       0       0       0       0       0
      Locals:         0       4       0       0       0       0       0       0       0       0       0       0       0       0
      Temps:          2       0       0       0       0       0       0       0       0       0       0       0       0       0
      Totals:         2       8       0       0       0       0       0       0       0       0       0       0       0       0
Total ram usage:       10 bytes
 Hardware stack levels required when called:    3
 This function calls:
		_OSCILLATOR_Initialize
		_PORT_PIN_Initialize1
		_PORT_PIN_Initialize2
		_SPI_Arducam_Initialize
		_SPI_ETHWIZ_Initialize
		_SPI_ETHWIZ_Write
		_SPI_FLIR_Initialize
		_UART_Initialize
		_arducam_initialize
		_eth_wiz_configure
		_eth_wiz_createSocket
		_gnss5_acquire
		_i2c_initialize
		_lepton_capture_packet
		_lepton_initialize
		_lepton_send_packet
 This function is called by:
		Startup code after reset
 This function uses a non-reentrant model


 *************** function _lepton_send_packet *****************
 Defined at:
		line 209 in file "main.c"
 Parameters:    Size  Location     Type
		None
 Auto vars:     Size  Location     Type
  i               1   10[COMMON] unsigned char 
  junk            1    9[COMMON] unsigned char 
 Return value:  Size  Location     Type
                  1    wreg      void 
 Registers used:
		wreg, fsr0l, fsr0h, fsr1l, fsr1h, fsr1l, fsr1h, status,2, status,0, pclath, cstack
 Tracked objects:
		On entry : 
		On exit  : 
		Unchanged: 
 Data sizes:     COMMON   BANK0   BANK1   BANK2   BANK3   BANK4   BANK5   BANK6   BANK7   BANK8   BANK9  BANK10  BANK11  BANK12
      Params:         0       0       0       0       0       0       0       0       0       0       0       0       0       0
      Locals:         2       0       0       0       0       0       0       0       0       0       0       0       0       0
      Temps:          1       0       0       0       0       0       0       0       0       0       0       0       0       0
      Totals:         3       0       0       0       0       0       0       0       0       0       0       0       0       0
Total ram usage:        3 bytes
 Hardware stack levels used:    1
 Hardware stack levels required when called:    2
 This function calls:
		_delay
		_eth_wiz_transmit_end
		_eth_wiz_transmit_start
 This function is called by:
		_main
 This function uses a non-reentrant model


 *************** function _eth_wiz_transmit_start *****************
 Defined at:
		line 339 in file "eth_wiz.c"
 Parameters:    Size  Location     Type
		None
 Auto vars:     Size  Location     Type
		None
 Return value:  Size  Location     Type
                  1    wreg      void 
 Registers used:
		wreg, status,2, status,0, pclath, cstack
 Tracked objects:
		On entry : 
		On exit  : 
		Unchanged: 
 Data sizes:     COMMON   BANK0   BANK1   BANK2   BANK3   BANK4   BANK5   BANK6   BANK7   BANK8   BANK9  BANK10  BANK11  BANK12
      Params:         0       0       0       0       0       0       0       0       0       0       0       0       0       0
      Locals:         0       0       0       0       0       0       0       0       0       0       0       0       0       0
      Temps:          1       0       0       0       0       0       0       0       0       0       0       0       0       0
      Totals:         1       0       0       0       0       0       0       0       0       0       0       0       0       0
Total ram usage:        1 bytes
 Hardware stack levels used:    1
 Hardware stack levels required when called:    1
 This function calls:
		_SPI_ETHWIZ_Write
 This function is called by:
		_lepton_send_packet
 This function uses a non-reentrant model


 *************** function _eth_wiz_transmit_end *****************
 Defined at:
		line 370 in file "eth_wiz.c"
 Parameters:    Size  Location     Type
		None
 Auto vars:     Size  Location     Type
  value           2    6[COMMON] unsigned short 
 Return value:  Size  Location     Type
                  1    wreg      void 
 Registers used:
		wreg, status,2, status,0, pclath, cstack
 Tracked objects:
		On entry : 
		On exit  : 
		Unchanged: 
 Data sizes:     COMMON   BANK0   BANK1   BANK2   BANK3   BANK4   BANK5   BANK6   BANK7   BANK8   BANK9  BANK10  BANK11  BANK12
      Params:         0       0       0       0       0       0       0       0       0       0       0       0       0       0
      Locals:         2       0       0       0       0       0       0       0       0       0       0       0       0       0
      Temps:          5       0       0       0       0       0       0       0       0       0       0       0       0       0
      Totals:         7       0       0       0       0       0       0       0       0       0       0       0       0       0
Total ram usage:        7 bytes
 Hardware stack levels used:    1
 Hardware stack levels required when called:    1
 This function calls:
		_SPI_ETHWIZ_Write
 This function is called by:
		_lepton_send_packet
 This function uses a non-reentrant model


 *************** function _lepton_initialize *****************
 Defined at:
		line 30 in file "lepton.c"
 Parameters:    Size  Location     Type
		None
 Auto vars:     Size  Location     Type
		None
 Return value:  Size  Location     Type
                  1    wreg      void 
 Registers used:
		wreg, status,2, status,0, pclath, cstack
 Tracked objects:
		On entry : 
		On exit  : 
		Unchanged: 
 Data sizes:     COMMON   BANK0   BANK1   BANK2   BANK3   BANK4   BANK5   BANK6   BANK7   BANK8   BANK9  BANK10  BANK11  BANK12
      Params:         0       0       0       0       0       0       0       0       0       0       0       0       0       0
      Locals:         0       0       0       0       0       0       0       0       0       0       0       0       0       0
      Temps:          0       0       0       0       0       0       0       0       0       0       0       0       0       0
      Totals:         0       0       0       0       0       0       0       0       0       0       0       0       0       0
Total ram usage:        0 bytes
 Hardware stack levels used:    1
 Hardware stack levels required when called:    2
 This function calls:
		_i2c_start
		_i2c_stop
		_i2c_write
 This function is called by:
		_main
 This function uses a non-reentrant model


 *************** function _i2c_write *****************
 Defined at:
		line 141 in file "serial_i2c.c"
 Parameters:    Size  Location     Type
  i2cWriteData    1    wreg     unsigned char 
 Auto vars:     Size  Location     Type
  i2cWriteData    1    1[COMMON] unsigned char 
 Return value:  Size  Location     Type
                  1    wreg      unsigned char 
 Registers used:
		wreg, status,2, status,0, pclath, cstack
 Tracked objects:
		On entry : 
		On exit  : 
		Unchanged: 
 Data sizes:     COMMON   BANK0   BANK1   BANK2   BANK3   BANK4   BANK5   BANK6   BANK7   BANK8   BANK9  BANK10  BANK11  BANK12
      Params:         0       0       0       0       0       0       0       0       0       0       0       0       0       0
      Locals:         1       0       0       0       0       0       0       0       0       0       0       0       0       0
      Temps:          0       0       0       0       0       0       0       0       0       0       0       0       0       0
      Totals:         1       0       0       0       0       0       0       0       0       0       0       0       0       0
Total ram usage:        1 bytes
 Hardware stack levels used:    1
 Hardware stack levels required when called:    1
 This function calls:
		_i2c_waitForIdle
 This function is called by:
		_lepton_initialize
 This function uses a non-reentrant model


 *************** function _i2c_stop *****************
 Defined at:
		line 84 in file "serial_i2c.c"
 Parameters:    Size  Location     Type
		None
 Auto vars:     Size  Location     Type
		None
 Return value:  Size  Location     Type
                  1    wreg      void 
 Registers used:
		wreg, status,2, status,0, pclath, cstack
 Tracked objects:
		On entry : 
		On exit  : 
		Unchanged: 
 Data sizes:     COMMON   BANK0   BANK1   BANK2   BANK3   BANK4   BANK5   BANK6   BANK7   BANK8   BANK9  BANK10  BANK11  BANK12
      Params:         0       0       0       0       0       0       0       0       0       0       0       0       0       0
      Locals:         0       0       0       0       0       0       0       0       0       0       0       0       0       0
      Temps:          0       0       0       0       0       0       0       0       0       0       0       0       0       0
      Totals:         0       0       0       0       0       0       0       0       0       0       0       0       0       0
Total ram usage:        0 bytes
 Hardware stack levels used:    1
 Hardware stack levels required when called:    1
 This function calls:
		_i2c_waitForIdle
 This function is called by:
		_lepton_initialize
 This function uses a non-reentrant model


 *************** function _i2c_start *****************
 Defined at:
		line 53 in file "serial_i2c.c"
 Parameters:    Size  Location     Type
		None
 Auto vars:     Size  Location     Type
		None
 Return value:  Size  Location     Type
                  1    wreg      void 
 Registers used:
		wreg, status,2, status,0, pclath, cstack
 Tracked objects:
		On entry : 
		On exit  : 
		Unchanged: 
 Data sizes:     COMMON   BANK0   BANK1   BANK2   BANK3   BANK4   BANK5   BANK6   BANK7   BANK8   BANK9  BANK10  BANK11  BANK12
      Params:         0       0       0       0       0       0       0       0       0       0       0       0       0       0
      Locals:         0       0       0       0       0       0       0       0       0       0       0       0       0       0
      Temps:          0       0       0       0       0       0       0       0       0       0       0       0       0       0
      Totals:         0       0       0       0       0       0       0       0       0       0       0       0       0       0
Total ram usage:        0 bytes
 Hardware stack levels used:    1
 Hardware stack levels required when called:    1
 This function calls:
		_i2c_waitForIdle
 This function is called by:
		_lepton_initialize
 This function uses a non-reentrant model


 *************** function _i2c_waitForIdle *****************
 Defined at:
		line 41 in file "serial_i2c.c"
 Parameters:    Size  Location     Type
		None
 Auto vars:     Size  Location     Type
		None
 Return value:  Size  Location     Type
                  1    wreg      void 
 Registers used:
		wreg, status,2, status,0
 Tracked objects:
		On entry : 
		On exit  : 
		Unchanged: 
 Data sizes:     COMMON   BANK0   BANK1   BANK2   BANK3   BANK4   BANK5   BANK6   BANK7   BANK8   BANK9  BANK10  BANK11  BANK12
      Params:         0       0       0       0       0       0       0       0       0       0       0       0       0       0
      Locals:         0       0       0       0       0       0       0       0       0       0       0       0       0       0
      Temps:          1       0       0       0       0       0       0       0       0       0       0       0       0       0
      Totals:         1       0       0       0       0       0       0       0       0       0       0       0       0       0
Total ram usage:        1 bytes
 Hardware stack levels used:    1
 This function calls:
		Nothing
 This function is called by:
		_i2c_start
		_i2c_stop
		_i2c_write
		_i2c_repStart
		_i2c_read
 This function uses a non-reentrant model


 *************** function _lepton_capture_packet *****************
 Defined at:
		line 248 in file "main.c"
 Parameters:    Size  Location     Type
		None
 Auto vars:     Size  Location     Type
  i               2    2[COMMON] int 
 Return value:  Size  Location     Type
                  1    wreg      void 
 Registers used:
		wreg, fsr0l, fsr0h, fsr1l, fsr1h, fsr1l, fsr1h, status,2, status,0, pclath, cstack
 Tracked objects:
		On entry : 
		On exit  : 
		Unchanged: 
 Data sizes:     COMMON   BANK0   BANK1   BANK2   BANK3   BANK4   BANK5   BANK6   BANK7   BANK8   BANK9  BANK10  BANK11  BANK12
      Params:         0       0       0       0       0       0       0       0       0       0       0       0       0       0
      Locals:         2       0       0       0       0       0       0       0       0       0       0       0       0       0
      Temps:          2       0       0       0       0       0       0       0       0       0       0       0       0       0
      Totals:         4       0       0       0       0       0       0       0       0       0       0       0       0       0
Total ram usage:        4 bytes
 Hardware stack levels used:    1
 Hardware stack levels required when called:    1
 This function calls:
		_delay
 This function is called by:
		_main
 This function uses a non-reentrant model


 *************** function _i2c_initialize *****************
 Defined at:
		line 25 in file "serial_i2c.c"
 Parameters:    Size  Location     Type
		None
 Auto vars:     Size  Location     Type
		None
 Return value:  Size  Location     Type
                  1    wreg      void 
 Registers used:
		wreg, status,2
 Tracked objects:
		On entry : 
		On exit  : 
		Unchanged: 
 Data sizes:     COMMON   BANK0   BANK1   BANK2   BANK3   BANK4   BANK5   BANK6   BANK7   BANK8   BANK9  BANK10  BANK11  BANK12
      Params:         0       0       0       0       0       0       0       0       0       0       0       0       0       0
      Locals:         0       0       0       0       0       0       0       0       0       0       0       0       0       0
      Temps:          0       0       0       0       0       0       0       0       0       0       0       0       0       0
      Totals:         0       0       0       0       0       0       0       0       0       0       0       0       0       0
Total ram usage:        0 bytes
 Hardware stack levels used:    1
 This function calls:
		Nothing
 This function is called by:
		_main
 This function uses a non-reentrant model


 *************** function _gnss5_acquire *****************
 Defined at:
		line 22 in file "gnss5.c"
 Parameters:    Size  Location     Type
		None
 Auto vars:     Size  Location     Type
		None
 Return value:  Size  Location     Type
                  1    wreg      void 
 Registers used:
		None
 Tracked objects:
		On entry : 
		On exit  : 
		Unchanged: 
 Data sizes:     COMMON   BANK0   BANK1   BANK2   BANK3   BANK4   BANK5   BANK6   BANK7   BANK8   BANK9  BANK10  BANK11  BANK12
      Params:         0       0       0       0       0       0       0       0       0       0       0       0       0       0
      Locals:         0       0       0       0       0       0       0       0       0       0       0       0       0       0
      Temps:          0       0       0       0       0       0       0       0       0       0       0       0       0       0
      Totals:         0       0       0       0       0       0       0       0       0       0       0       0       0       0
Total ram usage:        0 bytes
 Hardware stack levels used:    1
 This function calls:
		Nothing
 This function is called by:
		_main
 This function uses a non-reentrant model


 *************** function _eth_wiz_createSocket *****************
 Defined at:
		line 242 in file "eth_wiz.c"
 Parameters:    Size  Location     Type
		None
 Auto vars:     Size  Location     Type
  connected       1    2[COMMON] unsigned char 
 Return value:  Size  Location     Type
                  1    wreg      void 
 Registers used:
		wreg, status,2, status,0, pclath, cstack
 Tracked objects:
		On entry : 
		On exit  : 
		Unchanged: 
 Data sizes:     COMMON   BANK0   BANK1   BANK2   BANK3   BANK4   BANK5   BANK6   BANK7   BANK8   BANK9  BANK10  BANK11  BANK12
      Params:         0       0       0       0       0       0       0       0       0       0       0       0       0       0
      Locals:         1       0       0       0       0       0       0       0       0       0       0       0       0       0
      Temps:          1       0       0       0       0       0       0       0       0       0       0       0       0       0
      Totals:         2       0       0       0       0       0       0       0       0       0       0       0       0       0
Total ram usage:        2 bytes
 Hardware stack levels used:    1
 Hardware stack levels required when called:    1
 This function calls:
		_SPI_ETHWIZ_Write
 This function is called by:
		_main
 This function uses a non-reentrant model


 *************** function _eth_wiz_configure *****************
 Defined at:
		line 56 in file "eth_wiz.c"
 Parameters:    Size  Location     Type
		None
 Auto vars:     Size  Location     Type
		None
 Return value:  Size  Location     Type
                  1    wreg      void 
 Registers used:
		wreg, status,2, status,0, pclath, cstack
 Tracked objects:
		On entry : 
		On exit  : 
		Unchanged: 
 Data sizes:     COMMON   BANK0   BANK1   BANK2   BANK3   BANK4   BANK5   BANK6   BANK7   BANK8   BANK9  BANK10  BANK11  BANK12
      Params:         0       0       0       0       0       0       0       0       0       0       0       0       0       0
      Locals:         0       0       0       0       0       0       0       0       0       0       0       0       0       0
      Temps:          1       0       0       0       0       0       0       0       0       0       0       0       0       0
      Totals:         1       0       0       0       0       0       0       0       0       0       0       0       0       0
Total ram usage:        1 bytes
 Hardware stack levels used:    1
 Hardware stack levels required when called:    1
 This function calls:
		_SPI_ETHWIZ_Write
 This function is called by:
		_main
 This function uses a non-reentrant model


 *************** function _SPI_ETHWIZ_Write *****************
 Defined at:
		line 50 in file "serial_spi.c"
 Parameters:    Size  Location     Type
  data            1    wreg     unsigned char 
 Auto vars:     Size  Location     Type
  data            1    0[COMMON] unsigned char 
 Return value:  Size  Location     Type
                  1    wreg      unsigned char 
 Registers used:
		wreg
 Tracked objects:
		On entry : 
		On exit  : 
		Unchanged: 
 Data sizes:     COMMON   BANK0   BANK1   BANK2   BANK3   BANK4   BANK5   BANK6   BANK7   BANK8   BANK9  BANK10  BANK11  BANK12
      Params:         0       0       0       0       0       0       0       0       0       0       0       0       0       0
      Locals:         1       0       0       0       0       0       0       0       0       0       0       0       0       0
      Temps:          0       0       0       0       0       0       0       0       0       0       0       0       0       0
      Totals:         1       0       0       0       0       0       0       0       0       0       0       0       0       0
Total ram usage:        1 bytes
 Hardware stack levels used:    1
 This function calls:
		Nothing
 This function is called by:
		_main
		_eth_wiz_configure
		_eth_wiz_createSocket
		_eth_wiz_transmit_start
		_eth_wiz_transmit_end
		_eth_wiz_receive
 This function uses a non-reentrant model


 *************** function _arducam_initialize *****************
 Defined at:
		line 23 in file "arducam.c"
 Parameters:    Size  Location     Type
		None
 Auto vars:     Size  Location     Type
		None
 Return value:  Size  Location     Type
                  1    wreg      void 
 Registers used:
		None
 Tracked objects:
		On entry : 
		On exit  : 
		Unchanged: 
 Data sizes:     COMMON   BANK0   BANK1   BANK2   BANK3   BANK4   BANK5   BANK6   BANK7   BANK8   BANK9  BANK10  BANK11  BANK12
      Params:         0       0       0       0       0       0       0       0       0       0       0       0       0       0
      Locals:         0       0       0       0       0       0       0       0       0       0       0       0       0       0
      Temps:          0       0       0       0       0       0       0       0       0       0       0       0       0       0
      Totals:         0       0       0       0       0       0       0       0       0       0       0       0       0       0
Total ram usage:        0 bytes
 Hardware stack levels used:    1
 This function calls:
		Nothing
 This function is called by:
		_main
 This function uses a non-reentrant model


 *************** function _UART_Initialize *****************
 Defined at:
		line 25 in file "serial_uart.c"
 Parameters:    Size  Location     Type
		None
 Auto vars:     Size  Location     Type
		None
 Return value:  Size  Location     Type
                  1    wreg      void 
 Registers used:
		wreg, status,2
 Tracked objects:
		On entry : 
		On exit  : 
		Unchanged: 
 Data sizes:     COMMON   BANK0   BANK1   BANK2   BANK3   BANK4   BANK5   BANK6   BANK7   BANK8   BANK9  BANK10  BANK11  BANK12
      Params:         0       0       0       0       0       0       0       0       0       0       0       0       0       0
      Locals:         0       0       0       0       0       0       0       0       0       0       0       0       0       0
      Temps:          0       0       0       0       0       0       0       0       0       0       0       0       0       0
      Totals:         0       0       0       0       0       0       0       0       0       0       0       0       0       0
Total ram usage:        0 bytes
 Hardware stack levels used:    1
 This function calls:
		Nothing
 This function is called by:
		_main
 This function uses a non-reentrant model


 *************** function _SPI_FLIR_Initialize *****************
 Defined at:
		line 68 in file "serial_spi.c"
 Parameters:    Size  Location     Type
		None
 Auto vars:     Size  Location     Type
		None
 Return value:  Size  Location     Type
                  1    wreg      void 
 Registers used:
		wreg
 Tracked objects:
		On entry : 
		On exit  : 
		Unchanged: 
 Data sizes:     COMMON   BANK0   BANK1   BANK2   BANK3   BANK4   BANK5   BANK6   BANK7   BANK8   BANK9  BANK10  BANK11  BANK12
      Params:         0       0       0       0       0       0       0       0       0       0       0       0       0       0
      Locals:         0       0       0       0       0       0       0       0       0       0       0       0       0       0
      Temps:          0       0       0       0       0       0       0       0       0       0       0       0       0       0
      Totals:         0       0       0       0       0       0       0       0       0       0       0       0       0       0
Total ram usage:        0 bytes
 Hardware stack levels used:    1
 This function calls:
		Nothing
 This function is called by:
		_main
 This function uses a non-reentrant model


 *************** function _SPI_ETHWIZ_Initialize *****************
 Defined at:
		line 25 in file "serial_spi.c"
 Parameters:    Size  Location     Type
		None
 Auto vars:     Size  Location     Type
		None
 Return value:  Size  Location     Type
                  1    wreg      void 
 Registers used:
		wreg
 Tracked objects:
		On entry : 
		On exit  : 
		Unchanged: 
 Data sizes:     COMMON   BANK0   BANK1   BANK2   BANK3   BANK4   BANK5   BANK6   BANK7   BANK8   BANK9  BANK10  BANK11  BANK12
      Params:         0       0       0       0       0       0       0       0       0       0       0       0       0       0
      Locals:         0       0       0       0       0       0       0       0       0       0       0       0       0       0
      Temps:          0       0       0       0       0       0       0       0       0       0       0       0       0       0
      Totals:         0       0       0       0       0       0       0       0       0       0       0       0       0       0
Total ram usage:        0 bytes
 Hardware stack levels used:    1
 This function calls:
		Nothing
 This function is called by:
		_main
 This function uses a non-reentrant model


 *************** function _SPI_Arducam_Initialize *****************
 Defined at:
		line 89 in file "serial_spi.c"
 Parameters:    Size  Location     Type
		None
 Auto vars:     Size  Location     Type
		None
 Return value:  Size  Location     Type
                  1    wreg      void 
 Registers used:
		wreg
 Tracked objects:
		On entry : 
		On exit  : 
		Unchanged: 
 Data sizes:     COMMON   BANK0   BANK1   BANK2   BANK3   BANK4   BANK5   BANK6   BANK7   BANK8   BANK9  BANK10  BANK11  BANK12
      Params:         0       0       0       0       0       0       0       0       0       0       0       0       0       0
      Locals:         0       0       0       0       0       0       0       0       0       0       0       0       0       0
      Temps:          0       0       0       0       0       0       0       0       0       0       0       0       0       0
      Totals:         0       0       0       0       0       0       0       0       0       0       0       0       0       0
Total ram usage:        0 bytes
 Hardware stack levels used:    1
 This function calls:
		Nothing
 This function is called by:
		_main
 This function uses a non-reentrant model


 *************** function _PORT_PIN_Initialize2 *****************
 Defined at:
		line 117 in file "config.c"
 Parameters:    Size  Location     Type
		None
 Auto vars:     Size  Location     Type
		None
 Return value:  Size  Location     Type
                  1    wreg      void 
 Registers used:
		wreg, status,2
 Tracked objects:
		On entry : 
		On exit  : 
		Unchanged: 
 Data sizes:     COMMON   BANK0   BANK1   BANK2   BANK3   BANK4   BANK5   BANK6   BANK7   BANK8   BANK9  BANK10  BANK11  BANK12
      Params:         0       0       0       0       0       0       0       0       0       0       0       0       0       0
      Locals:         0       0       0       0       0       0       0       0       0       0       0       0       0       0
      Temps:          0       0       0       0       0       0       0       0       0       0       0       0       0       0
      Totals:         0       0       0       0       0       0       0       0       0       0       0       0       0       0
Total ram usage:        0 bytes
 Hardware stack levels used:    1
 This function calls:
		Nothing
 This function is called by:
		_main
 This function uses a non-reentrant model


 *************** function _PORT_PIN_Initialize1 *****************
 Defined at:
		line 37 in file "config.c"
 Parameters:    Size  Location     Type
		None
 Auto vars:     Size  Location     Type
		None
 Return value:  Size  Location     Type
                  1    wreg      void 
 Registers used:
		wreg, status,2
 Tracked objects:
		On entry : 
		On exit  : 
		Unchanged: 
 Data sizes:     COMMON   BANK0   BANK1   BANK2   BANK3   BANK4   BANK5   BANK6   BANK7   BANK8   BANK9  BANK10  BANK11  BANK12
      Params:         0       0       0       0       0       0       0       0       0       0       0       0       0       0
      Locals:         0       0       0       0       0       0       0       0       0       0       0       0       0       0
      Temps:          0       0       0       0       0       0       0       0       0       0       0       0       0       0
      Totals:         0       0       0       0       0       0       0       0       0       0       0       0       0       0
Total ram usage:        0 bytes
 Hardware stack levels used:    1
 This function calls:
		Nothing
 This function is called by:
		_main
 This function uses a non-reentrant model


 *************** function _OSCILLATOR_Initialize *****************
 Defined at:
		line 22 in file "config.c"
 Parameters:    Size  Location     Type
		None
 Auto vars:     Size  Location     Type
		None
 Return value:  Size  Location     Type
                  1    wreg      void 
 Registers used:
		wreg
 Tracked objects:
		On entry : 
		On exit  : 
		Unchanged: 
 Data sizes:     COMMON   BANK0   BANK1   BANK2   BANK3   BANK4   BANK5   BANK6   BANK7   BANK8   BANK9  BANK10  BANK11  BANK12
      Params:         0       0       0       0       0       0       0       0       0       0       0       0       0       0
      Locals:         0       0       0       0       0       0       0       0       0       0       0       0       0       0
      Temps:          0       0       0       0       0       0       0       0       0       0       0       0       0       0
      Totals:         0       0       0       0       0       0       0       0       0       0       0       0       0       0
Total ram usage:        0 bytes
 Hardware stack levels used:    1
 This function calls:
		Nothing
 This function is called by:
		_main
 This function uses a non-reentrant model



MODULE INFORMATION

Module		Function		Class		Link	Load	Size
lepton.c
		_lepton_initialize		CODE           	02C8	0000	27

lepton.c estimated size: 27

serial_spi.c
		_SPI_ETHWIZ_Initialize		CODE           	0259	0000	9
		_SPI_ETHWIZ_Write		CODE           	028D	0000	12
		_SPI_FLIR_Initialize		CODE           	0261	0000	9
		_SPI_Arducam_Initialize		CODE           	0251	0000	9

serial_spi.c estimated size: 39

arducam.c
		_arducam_initialize		CODE           	023E	0000	2

arducam.c estimated size: 2

serial_uart.c
		_UART_Initialize		CODE           	02BB	0000	14

serial_uart.c estimated size: 14

eth_wiz.c
		_eth_wiz_configure		CODE           	05B8	0000	543
		_eth_wiz_transmit_start		CODE           	032C	0000	49
		_eth_wiz_transmit_end		CODE           	03A1	0000	77
		_eth_wiz_createSocket		CODE           	04EE	0000	203

eth_wiz.c estimated size: 872

config.c
		_OSCILLATOR_Initialize		CODE           	024B	0000	7
		_PORT_PIN_Initialize1		CODE           	035C	0000	70
		_PORT_PIN_Initialize2		CODE           	02E2	0000	32

config.c estimated size: 109

shared
		__initialization		CODE           	07D6	0000	40

shared estimated size: 40

serial_i2c.c
		_i2c_initialize		CODE           	0271	0000	10
		_i2c_start     		CODE           	0241	0000	6
		_i2c_waitForIdle		CODE           	0298	0000	12
		_i2c_write     		CODE           	0269	0000	9
		_i2c_stop      		CODE           	0246	0000	6

serial_i2c.c estimated size: 43

gnss5.c
		_gnss5_acquire 		CODE           	023F	0000	2

gnss5.c estimated size: 2

main.c
		_lepton_capture_packet		CODE           	03ED	0000	88
		_lepton_send_packet		CODE           	0301	0000	44
		_main          		CODE           	0444	0000	171

main.c estimated size: 303

