Microchip MPLAB XC8 Compiler V2.00 ()

Linker command line:

-W-3 --edf=C:\Program Files (x86)\Microchip\xc8\v2.00\pic\dat\en_msgs.txt \
  -cs -h+dist/default/debug\ETH_test.X.debug.sym \
  --cmf=dist/default/debug\ETH_test.X.debug.cmf -z -Q16F18875 \
  -oC:\Users\cmh52\AppData\Local\Temp\s8k4.2 --defsym=__MPLAB_BUILD=1 \
  -Mdist/default/debug/ETH_test.X.debug.map -E1 -ver=XC8 --acfsm=1493 \
  -ASTACK=0206Ch-0234bh -pstack=STACK -ACODE=00h-07FFhx4 \
  -ASTRCODE=00h-01FFFh -ASTRING=00h-0FFhx32 -ACONST=00h-0FFhx32 \
  -AENTRY=00h-0FFhx32 -ACOMMON=070h-07Fh -ABANK0=020h-06Fh \
  -ABANK1=0A0h-0EFh -ABANK2=0120h-016Fh -ABANK3=01A0h-01EFh \
  -ABANK4=0220h-026Fh -ABANK5=02A0h-02EFh -ABANK6=0320h-036Fh \
  -ABANK7=03A0h-03EFh -ABANK8=0420h-046Fh -ABANK9=04A0h-04EFh \
  -ABANK10=0520h-056Fh -ABANK11=05A0h-05EFh -ABANK12=0620h-064Fh \
  -ABIGRAM=02000h-023EFh \
  -ARAM=020h-06Fh,0A0h-0EFh,0120h-016Fh,01A0h-01EFh,0220h-026Fh,02A0h-02EFh,0320h-036Fh,03A0h-03EFh,0420h-046Fh,04A0h-04EFh,0520h-056Fh,05A0h-05EFh,0620h-064Fh \
  -AABS1=020h-07Fh,0A0h-0EFh,0120h-016Fh,01A0h-01EFh,0220h-026Fh,02A0h-02EFh,0320h-036Fh,03A0h-03EFh,0420h-046Fh,04A0h-04EFh,0520h-056Fh,05A0h-05EFh,0620h-064Fh \
  -ASFR0=00h-01Fh -ASFR1=080h-09Fh -ASFR2=0100h-011Fh -ASFR3=0180h-019Fh \
  -ASFR4=0200h-021Fh -ASFR5=0280h-029Fh -ASFR6=0300h-031Fh \
  -ASFR7=0380h-039Fh -ASFR8=0400h-041Fh -ASFR9=0480h-049Fh \
  -ASFR10=0500h-051Fh -ASFR11=0580h-059Fh -ASFR12=0600h-061Fh \
  -ASFR13=0680h-06EFh -ASFR14=0700h-076Fh -ASFR15=0780h-07EFh \
  -ASFR16=0800h-086Fh -ASFR17=0880h-08EFh -ASFR18=0900h-096Fh \
  -ASFR19=0980h-09EFh -ASFR20=0A00h-0A6Fh -ASFR21=0A80h-0AEFh \
  -ASFR22=0B00h-0B6Fh -ASFR23=0B80h-0BEFh -ASFR24=0C00h-0C6Fh \
  -ASFR25=0C80h-0CEFh -ASFR26=0D00h-0D6Fh -ASFR27=0D80h-0DEFh \
  -ASFR28=0E00h-0E6Fh -ASFR29=0E80h-0EEFh -ASFR30=0F00h-0F6Fh \
  -ASFR31=0F80h-0FEFh -preset_vec=00h,intentry,init,end_init -ppowerup=CODE \
  -pcinit=CODE -pfunctab=ENTRY -ACONFIG=08007h-0800Bh -pconfig=CONFIG \
  -DCONFIG=2 -AIDLOC=08000h-08003h -pidloc=IDLOC -DIDLOC=2 \
  -AEEDATA=00h-0FFh/0F000h -peeprom_data=EEDATA -DEEDATA=2 -DCODE=2 \
  -DSTRCODE=2 -DSTRING=2 -DCONST=2 -DENTRY=2 -k \
  C:\Users\cmh52\AppData\Local\Temp\s8k4.o \
  dist/default/debug\ETH_test.X.debug.o build/default/debug/delay.o 

Object code version is 3.11

Machine type is 16F18875



                Name                               Link     Load   Length Selector   Space Scale
C:\Users\cmh52\AppData\Local\Temp\s8k4.o
                end_init                              2        2        2        0       0
                reset_vec                             0        0        2        0       0
                config                             8007     8007        5    1000E       0
dist/default/debug\ETH_test.X.debug.o
                cinit                               7CC      7CC       34      F98       0
                text21                              FA0      FA0        6     1F40       0
                text20                              102      102       44      204       0
                text19                              FB2      FB2        8     1F64       0
                text18                              FBA      FBA        8     1F74       0
                text17                              FF3      FF3        D     1FE6       0
                text16                                5        5        F        A       0
                text15                               BF       BF       43      17E       0
                text14                               84       84       3B      108       0
                text13                               24       24       12       48       0
                text12                              336      336       EF      66C       0
                text11                              58C      58C      240      B18       0
                text10                              425      425      167      84A       0
                text9                               251      251       E5      4A2       0
                text8                               146      146       51      28C       0
                text7                                51       51       33       A2       0
                text6                               FC2      FC2        9     1F84       0
                text5                                14       14       10       28       0
                text4                               FA6      FA6        6     1F4C       0
                text3                               FAC      FAC        6     1F58       0
                text2                               FDD      FDD        A     1FBA       0
                text1                                36       36       1B       6C       0
                maintext                            197      197       BA      32E       0
                cstackBANK0                          20       20       4F       20       1
                cstackCOMMON                         70       70        E       70       1
                cstackBANK1                          B6       B6        6       A0       1
                clrtext                             FE7      FE7        C     1FCE       0
                dataBANK1                            AD       AD        9       A0       1
                bssBANK1                             A0       A0        D       A0       1
                dataBANK0                            6F       6F        1       20       1
                stringtext7                        1014     1014        3     2000       0
                stringtext6                        100B     100B        9     2000       0
                stringtext5                        1000     1000        B     2000       0
                stringtext4                         875      875        E     1000       0
                stringtext3                         85F      85F       16     1000       0
                stringtext2                         83C      83C       23     1000       0
                stringtext1                         800      800       3C     1000       0
                idataBANK1                          FCB      FCB        9     1F96       0
                idataBANK0                            4        4        1        0       0
build/default/debug/delay.o
                barfunc                             FD4      FD4        9     1FA8       0

TOTAL           Name                               Link     Load   Length     Space
        CLASS   STACK          

        CLASS   CODE           
                end_init                              2        2        2         0
                cinit                               7CC      7CC       34         0
                reset_vec                             0        0        2         0
                text21                              FA0      FA0        6         0
                text20                              102      102       44         0
                text19                              FB2      FB2        8         0
                text18                              FBA      FBA        8         0
                text17                              FF3      FF3        D         0
                text16                                5        5        F         0
                text15                               BF       BF       43         0
                text14                               84       84       3B         0
                text13                               24       24       12         0
                text12                              336      336       EF         0
                text11                              58C      58C      240         0
                text10                              425      425      167         0
                text9                               251      251       E5         0
                text8                               146      146       51         0
                text7                                51       51       33         0
                text6                               FC2      FC2        9         0
                text5                                14       14       10         0
                text4                               FA6      FA6        6         0
                text3                               FAC      FAC        6         0
                text2                               FDD      FDD        A         0
                text1                                36       36       1B         0
                maintext                            197      197       BA         0
                clrtext                             FE7      FE7        C         0
                idataBANK1                          FCB      FCB        9         0
                idataBANK0                            4        4        1         0
                barfunc                             FD4      FD4        9         0

        CLASS   STRCODE        
                stringtext7                        1014     1014        3         0
                stringtext6                        100B     100B        9         0
                stringtext5                        1000     1000        B         0
                stringtext4                         875      875        E         0
                stringtext3                         85F      85F       16         0
                stringtext2                         83C      83C       23         0
                stringtext1                         800      800       3C         0

        CLASS   STRING         

        CLASS   CONST          

        CLASS   ENTRY          

        CLASS   COMMON         
                cstackCOMMON                         70       70        E         1

        CLASS   BANK0          
                cstackBANK0                          20       20       4F         1
                dataBANK0                            6F       6F        1         1

        CLASS   BANK1          
                cstackBANK1                          B6       B6        6         1
                dataBANK1                            AD       AD        9         1
                bssBANK1                             A0       A0        D         1

        CLASS   BANK2          

        CLASS   BANK3          

        CLASS   BANK4          

        CLASS   BANK5          

        CLASS   BANK6          

        CLASS   BANK7          

        CLASS   BANK8          

        CLASS   BANK9          

        CLASS   BANK10         

        CLASS   BANK11         

        CLASS   BANK12         

        CLASS   BIGRAM         

        CLASS   RAM            

        CLASS   ABS1           
                abs_s1                               7E       7E        2         1
                abs_s1                              54C      54C       24         1
                abs_s1                              5A0      5A0       50         1
                abs_s1                              620      620       30         1
                abs_s1                             234C     234C        0         1

        CLASS   SFR0           

        CLASS   SFR1           

        CLASS   SFR2           

        CLASS   SFR3           

        CLASS   SFR4           

        CLASS   SFR5           

        CLASS   SFR6           

        CLASS   SFR7           

        CLASS   SFR8           

        CLASS   SFR9           

        CLASS   SFR10          

        CLASS   SFR11          

        CLASS   SFR12          

        CLASS   SFR13          

        CLASS   SFR14          

        CLASS   SFR15          

        CLASS   SFR16          

        CLASS   SFR17          

        CLASS   SFR18          

        CLASS   SFR19          

        CLASS   SFR20          

        CLASS   SFR21          

        CLASS   SFR22          

        CLASS   SFR23          

        CLASS   SFR24          

        CLASS   SFR25          

        CLASS   SFR26          

        CLASS   SFR27          

        CLASS   SFR28          

        CLASS   SFR29          

        CLASS   SFR30          

        CLASS   SFR31          

        CLASS   CONFIG         
                config                             8007     8007        5         0

        CLASS   IDLOC          

        CLASS   EEDATA         

        CLASS   BANK31         

        CLASS   BANK30         

        CLASS   BANK29         

        CLASS   BANK28         

        CLASS   BANK27         

        CLASS   BANK26         

        CLASS   BANK25         

        CLASS   BANK24         

        CLASS   BANK23         

        CLASS   BANK22         

        CLASS   BANK21         

        CLASS   BANK20         

        CLASS   BANK19         

        CLASS   BANK18         

        CLASS   BANK17         

        CLASS   BANK16         

        CLASS   BANK15         

        CLASS   BANK14         

        CLASS   BANK13         



SEGMENTS        Name                           Load    Length   Top    Selector   Space  Class     Delta

                reset_vec                      000000  000005  000005         0       0  CODE        2
                text16                         000005  00000F  000014         A       0  CODE        2
                cstackBANK0                    000020  000050  000070        20       1  BANK0       1
                text5                          000014  000010  000024        28       0  CODE        2
                text13                         000024  000012  000036        48       0  CODE        2
                text1                          000036  00001B  000051        6C       0  CODE        2
                cstackCOMMON                   000070  00000E  00007E        70       1  COMMON      1
                bssBANK1                       0000A0  00001C  0000BC        A0       1  BANK1       1
                text7                          000051  000033  000084        A2       0  CODE        2
                text14                         000084  00003B  0000BF       108       0  CODE        2
                text15                         0000BF  000043  000102       17E       0  CODE        2
                text20                         000102  000044  000146       204       0  CODE        2
                text8                          000146  000051  000197       28C       0  CODE        2
                maintext                       000197  0000BA  000251       32E       0  CODE        2
                text9                          000251  0000E5  000336       4A2       0  CODE        2
                text12                         000336  0000EF  000425       66C       0  CODE        2
                text10                         000425  000167  00058C       84A       0  CODE        2
                text11                         00058C  000240  0007CC       B18       0  CODE        2
                cinit                          0007CC  000034  000800       F98       0  CODE        2
                stringtext1                    000800  000083  000883      1000       0  STRCODE     2
                text21                         000FA0  000006  000FA6      1F40       0  CODE        2
                text4                          000FA6  000006  000FAC      1F4C       0  CODE        2
                text3                          000FAC  000006  000FB2      1F58       0  CODE        2
                text19                         000FB2  000008  000FBA      1F64       0  CODE        2
                text18                         000FBA  000008  000FC2      1F74       0  CODE        2
                text6                          000FC2  000009  000FCB      1F84       0  CODE        2
                idataBANK1                     000FCB  000009  000FD4      1F96       0  CODE        2
                barfunc                        000FD4  000009  000FDD      1FA8       0  CODE        2
                text2                          000FDD  00000A  000FE7      1FBA       0  CODE        2
                clrtext                        000FE7  00000C  000FF3      1FCE       0  CODE        2
                text17                         000FF3  00000D  001000      1FE6       0  CODE        2
                stringtext5                    001000  000017  001017      2000       0  STRCODE     2
                config                         008007  000005  00800C     1000E       0  CONFIG      2


UNUSED ADDRESS RANGES

        Name                Unused          Largest block    Delta
        BANK1            000BC-000EF              34           1
        BANK10           00520-0054B              2C           1
        BANK2            00120-0016F              50           1
        BANK3            001A0-001EF              50           1
        BANK4            00220-0026F              50           1
        BANK5            002A0-002EF              50           1
        BANK6            00320-0036F              50           1
        BANK7            003A0-003EF              50           1
        BANK8            00420-0046F              50           1
        BANK9            004A0-004EF              50           1
        BIGRAM           02000-023EF             3F0           1
        CODE             00883-00F9F             71D           2
                         01017-01FFF             7E9
        CONST            00883-00F9F             100           2
                         01017-01FFF             100
        EEDATA           0F000-0F0FF             100           2
        ENTRY            00883-00F9F             100           2
                         01017-01FFF             100
        IDLOC            08000-08003               4           2
        RAM              000BC-000EF              34           1
                         00120-0016F              50
                         001A0-001EF              50
                         00220-0026F              50
                         002A0-002EF              50
                         00320-0036F              50
                         003A0-003EF              50
                         00420-0046F              50
                         004A0-004EF              50
                         00520-0054B              2C
        SFR0             00000-0001F              20           1
        SFR1             00080-0009F              20           1
        SFR10            00500-0051F              20           1
        SFR11            00580-0059F              20           1
        SFR12            00600-0061F              20           1
        SFR13            00680-006EF              70           1
        SFR14            00700-0076F              70           1
        SFR15            00780-007EF              70           1
        SFR16            00800-0086F              70           1
        SFR17            00880-008EF              70           1
        SFR18            00900-0096F              70           1
        SFR19            00980-009EF              70           1
        SFR2             00100-0011F              20           1
        SFR20            00A00-00A6F              70           1
        SFR21            00A80-00AEF              70           1
        SFR22            00B00-00B6F              70           1
        SFR23            00B80-00BEF              70           1
        SFR24            00C00-00C6F              70           1
        SFR25            00C80-00CEF              70           1
        SFR26            00D00-00D6F              70           1
        SFR27            00D80-00DEF              70           1
        SFR28            00E00-00E6F              70           1
        SFR29            00E80-00EEF              70           1
        SFR3             00180-0019F              20           1
        SFR30            00F00-00F6F              70           1
        SFR31            00F80-00FEF              70           1
        SFR4             00200-0021F              20           1
        SFR5             00280-0029F              20           1
        SFR6             00300-0031F              20           1
        SFR7             00380-0039F              20           1
        SFR8             00400-0041F              20           1
        SFR9             00480-0049F              20           1
        STACK            0206C-0234B             2E0           1
        STRCODE          00883-00F9F             71D           2
                         01017-01FFF             FE9
        STRING           00883-00F9F             100           2
                         01017-01FFF             100

                                  Symbol Table

?___lwdiv                                  cstackCOMMON 00070
?___lwmod                                  cstackCOMMON 00078
?_printf                                   cstackBANK0  00020
SPI_ETHWIZ_Write@data                      cstackCOMMON 00070
_ANSELA                                    (abs)        00F38
_ANSELB                                    (abs)        00F43
_ANSELC                                    (abs)        00F4E
_ANSELD                                    (abs)        00F59
_ANSELE                                    (abs)        00F64
_BAUD1CON                                  (abs)        0011F
_INTCONbits                                (abs)        0000B
_IOCCFbits                                 (abs)        00F55
_LATA                                      (abs)        00016
_LATB                                      (abs)        00017
_LATC                                      (abs)        00018
_LATD                                      (abs)        00019
_LATE                                      (abs)        0001A
_OSCCON1                                   (abs)        0088D
_OSCFRQ                                    (abs)        00893
_OSCILLATOR_Initialize                     text21       00FA0
_PIE0bits                                  (abs)        00716
_PIE3bits                                  (abs)        00719
_PIR3                                      (abs)        0070F
_PIR3bits                                  (abs)        0070F
_PORTA                                     (abs)        0000C
_PORTAbits                                 (abs)        0000C
_PORTB                                     (abs)        0000D
_PORTC                                     (abs)        0000E
_PORTCbits                                 (abs)        0000E
_PORTD                                     (abs)        0000F
_PORTDbits                                 (abs)        0000F
_PORTE                                     (abs)        00010
_PORT_PIN_Initialize1                      text20       00102
_PPSLOCK                                   (abs)        00E8F
_PPSLOCKbits                               (abs)        00E8F
_RB0                                       (abs)        00068
_RB1PPS                                    (abs)        00F19
_RB3PPS                                    (abs)        00F1B
_RB7PPS                                    (abs)        00F1F
_RC1PPS                                    (abs)        00F21
_RC1REG                                    (abs)        00119
_RC1STA                                    (abs)        0011D
_RC1STAbits                                (abs)        0011D
_RC6PPS                                    (abs)        00F26
_RXPPS                                     (abs)        00ECB
_SP1BRGH                                   (abs)        0011C
_SP1BRGL                                   (abs)        0011B
_SPI_ETHWIZ_Initialize                     text19       00FB2
_SPI_ETHWIZ_Write                          text16       00005
_SPI_FLIR_Initialize                       text18       00FBA
_SSP1BUF                                   (abs)        0018C
_SSP1CON1                                  (abs)        00190
_SSP1DATPPS                                (abs)        00EC6
_SSP1IF                                    (abs)        03878
_SSP1STAT                                  (abs)        0018F
_SSP2ADD                                   (abs)        00197
_SSP2BUF                                   (abs)        00196
_SSP2CON1                                  (abs)        0019A
_SSP2CON2                                  (abs)        0019B
_SSP2CON2bits                              (abs)        0019B
_SSP2DATPPS                                (abs)        00EC9
_SSP2IF                                    (abs)        0387A
_SSP2STAT                                  (abs)        00199
_SSP2STATbits                              (abs)        00199
_TRISA                                     (abs)        00011
_TRISB                                     (abs)        00012
_TRISC                                     (abs)        00013
_TRISD                                     (abs)        00014
_TRISE                                     (abs)        00015
_TX1REG                                    (abs)        0011A
_TX1STA                                    (abs)        0011E
_TX1STAbits                                (abs)        0011E
_UART_Initialize                           text17       00FF3
__CFG_BOREN$ON                             (abs)        00000
__CFG_BORV$LO                              (abs)        00000
__CFG_CLKOUTEN$OFF                         (abs)        00000
__CFG_CP$OFF                               (abs)        00000
__CFG_CPD$OFF                              (abs)        00000
__CFG_CSWEN$ON                             (abs)        00000
__CFG_FCMEN$ON                             (abs)        00000
__CFG_FEXTOSC$OFF                          (abs)        00000
__CFG_LPBOREN$OFF                          (abs)        00000
__CFG_LVP$ON                               (abs)        00000
__CFG_MCLRE$ON                             (abs)        00000
__CFG_PPS1WAY$OFF                          (abs)        00000
__CFG_PWRTE$OFF                            (abs)        00000
__CFG_RSTOSC$HFINT1                        (abs)        00000
__CFG_SCANE$available                      (abs)        00000
__CFG_STVREN$ON                            (abs)        00000
__CFG_WDTCCS$SC                            (abs)        00000
__CFG_WDTCPS$WDTCPS_31                     (abs)        00000
__CFG_WDTCWS$WDTCWS_7                      (abs)        00000
__CFG_WDTE$OFF                             (abs)        00000
__CFG_WRT$OFF                              (abs)        00000
__CFG_ZCD$OFF                              (abs)        00000
__Habs1                                    abs1         00000
__Hbank0                                   bank0        00000
__Hbank1                                   bank1        00000
__Hbank10                                  bank10       00000
__Hbank11                                  bank11       00000
__Hbank12                                  bank12       00000
__Hbank13                                  bank13       00000
__Hbank14                                  bank14       00000
__Hbank15                                  bank15       00000
__Hbank16                                  bank16       00000
__Hbank17                                  bank17       00000
__Hbank18                                  bank18       00000
__Hbank19                                  bank19       00000
__Hbank2                                   bank2        00000
__Hbank20                                  bank20       00000
__Hbank21                                  bank21       00000
__Hbank22                                  bank22       00000
__Hbank23                                  bank23       00000
__Hbank24                                  bank24       00000
__Hbank25                                  bank25       00000
__Hbank26                                  bank26       00000
__Hbank27                                  bank27       00000
__Hbank28                                  bank28       00000
__Hbank29                                  bank29       00000
__Hbank3                                   bank3        00000
__Hbank30                                  bank30       00000
__Hbank31                                  bank31       00000
__Hbank4                                   bank4        00000
__Hbank5                                   bank5        00000
__Hbank6                                   bank6        00000
__Hbank7                                   bank7        00000
__Hbank8                                   bank8        00000
__Hbank9                                   bank9        00000
__Hbigram                                  bigram       00000
__HbssBANK1                                bssBANK1     00000
__Hcinit                                   cinit        00800
__Hclrtext                                 clrtext      00000
__Hcode                                    code         00000
__Hcommon                                  common       00000
__Hconfig                                  config       0800C
__HcstackBANK0                             cstackBANK0  00000
__HcstackBANK1                             cstackBANK1  00000
__HcstackCOMMON                            cstackCOMMON 00000
__HdataBANK0                               dataBANK0    00000
__HdataBANK1                               dataBANK1    00000
__Heeprom_data                             eeprom_data  00000
__Hend_init                                end_init     00004
__Hfunctab                                 functab      00000
__HidataBANK0                              idataBANK0   00000
__HidataBANK1                              idataBANK1   00000
__Hidloc                                   idloc        00000
__Hinit                                    init         00002
__Hintentry                                intentry     00002
__Hmaintext                                maintext     00000
__Hpowerup                                 powerup      00000
__Hram                                     ram          00000
__Hreset_vec                               reset_vec    00002
__Hsfr0                                    sfr0         00000
__Hsfr1                                    sfr1         00000
__Hsfr10                                   sfr10        00000
__Hsfr11                                   sfr11        00000
__Hsfr12                                   sfr12        00000
__Hsfr13                                   sfr13        00000
__Hsfr14                                   sfr14        00000
__Hsfr15                                   sfr15        00000
__Hsfr16                                   sfr16        00000
__Hsfr17                                   sfr17        00000
__Hsfr18                                   sfr18        00000
__Hsfr19                                   sfr19        00000
__Hsfr2                                    sfr2         00000
__Hsfr20                                   sfr20        00000
__Hsfr21                                   sfr21        00000
__Hsfr22                                   sfr22        00000
__Hsfr23                                   sfr23        00000
__Hsfr24                                   sfr24        00000
__Hsfr25                                   sfr25        00000
__Hsfr26                                   sfr26        00000
__Hsfr27                                   sfr27        00000
__Hsfr28                                   sfr28        00000
__Hsfr29                                   sfr29        00000
__Hsfr3                                    sfr3         00000
__Hsfr30                                   sfr30        00000
__Hsfr31                                   sfr31        00000
__Hsfr4                                    sfr4         00000
__Hsfr5                                    sfr5         00000
__Hsfr6                                    sfr6         00000
__Hsfr7                                    sfr7         00000
__Hsfr8                                    sfr8         00000
__Hsfr9                                    sfr9         00000
__Hspace_0                                 (abs)        0800C
__Hspace_1                                 (abs)        000BC
__Hspace_2                                 (abs)        00000
__Hspace_3                                 (abs)        00000
__Hstack                                   stack        00000
__Hstrings                                 strings      00000
__Hstringtext1                             stringtext1  00000
__Hstringtext2                             stringtext2  00000
__Hstringtext3                             stringtext3  00000
__Hstringtext4                             stringtext4  00000
__Hstringtext5                             stringtext5  00000
__Hstringtext6                             stringtext6  00000
__Hstringtext7                             stringtext7  00000
__Hstringtext8                             stringtext8  00000
__Htext                                    text         00000
__Labs1                                    abs1         00000
__Lbank0                                   bank0        00000
__Lbank1                                   bank1        00000
__Lbank10                                  bank10       00000
__Lbank11                                  bank11       00000
__Lbank12                                  bank12       00000
__Lbank13                                  bank13       00000
__Lbank14                                  bank14       00000
__Lbank15                                  bank15       00000
__Lbank16                                  bank16       00000
__Lbank17                                  bank17       00000
__Lbank18                                  bank18       00000
__Lbank19                                  bank19       00000
__Lbank2                                   bank2        00000
__Lbank20                                  bank20       00000
__Lbank21                                  bank21       00000
__Lbank22                                  bank22       00000
__Lbank23                                  bank23       00000
__Lbank24                                  bank24       00000
__Lbank25                                  bank25       00000
__Lbank26                                  bank26       00000
__Lbank27                                  bank27       00000
__Lbank28                                  bank28       00000
__Lbank29                                  bank29       00000
__Lbank3                                   bank3        00000
__Lbank30                                  bank30       00000
__Lbank31                                  bank31       00000
__Lbank4                                   bank4        00000
__Lbank5                                   bank5        00000
__Lbank6                                   bank6        00000
__Lbank7                                   bank7        00000
__Lbank8                                   bank8        00000
__Lbank9                                   bank9        00000
__Lbigram                                  bigram       00000
__LbssBANK1                                bssBANK1     00000
__Lcinit                                   cinit        007CC
__Lclrtext                                 clrtext      00000
__Lcode                                    code         00000
__Lcommon                                  common       00000
__Lconfig                                  config       08007
__LcstackBANK0                             cstackBANK0  00000
__LcstackBANK1                             cstackBANK1  00000
__LcstackCOMMON                            cstackCOMMON 00000
__LdataBANK0                               dataBANK0    00000
__LdataBANK1                               dataBANK1    00000
__Leeprom_data                             eeprom_data  00000
__Lend_init                                end_init     00002
__Lfunctab                                 functab      00000
__LidataBANK0                              idataBANK0   00000
__LidataBANK1                              idataBANK1   00000
__Lidloc                                   idloc        00000
__Linit                                    init         00002
__Lintentry                                intentry     00002
__Lmaintext                                maintext     00000
__Lpowerup                                 powerup      00000
__Lram                                     ram          00000
__Lreset_vec                               reset_vec    00000
__Lsfr0                                    sfr0         00000
__Lsfr1                                    sfr1         00000
__Lsfr10                                   sfr10        00000
__Lsfr11                                   sfr11        00000
__Lsfr12                                   sfr12        00000
__Lsfr13                                   sfr13        00000
__Lsfr14                                   sfr14        00000
__Lsfr15                                   sfr15        00000
__Lsfr16                                   sfr16        00000
__Lsfr17                                   sfr17        00000
__Lsfr18                                   sfr18        00000
__Lsfr19                                   sfr19        00000
__Lsfr2                                    sfr2         00000
__Lsfr20                                   sfr20        00000
__Lsfr21                                   sfr21        00000
__Lsfr22                                   sfr22        00000
__Lsfr23                                   sfr23        00000
__Lsfr24                                   sfr24        00000
__Lsfr25                                   sfr25        00000
__Lsfr26                                   sfr26        00000
__Lsfr27                                   sfr27        00000
__Lsfr28                                   sfr28        00000
__Lsfr29                                   sfr29        00000
__Lsfr3                                    sfr3         00000
__Lsfr30                                   sfr30        00000
__Lsfr31                                   sfr31        00000
__Lsfr4                                    sfr4         00000
__Lsfr5                                    sfr5         00000
__Lsfr6                                    sfr6         00000
__Lsfr7                                    sfr7         00000
__Lsfr8                                    sfr8         00000
__Lsfr9                                    sfr9         00000
__Lspace_0                                 (abs)        00000
__Lspace_1                                 (abs)        00000
__Lspace_2                                 (abs)        00000
__Lspace_3                                 (abs)        00000
__Lstack                                   stack        00000
__Lstrings                                 strings      00000
__Lstringtext1                             stringtext1  00000
__Lstringtext2                             stringtext2  00000
__Lstringtext3                             stringtext3  00000
__Lstringtext4                             stringtext4  00000
__Lstringtext5                             stringtext5  00000
__Lstringtext6                             stringtext6  00000
__Lstringtext7                             stringtext7  00000
__Lstringtext8                             stringtext8  00000
__Ltext                                    text         00000
__S0                                       (abs)        0800C
__S1                                       (abs)        000BC
__S2                                       (abs)        00000
__S3                                       (abs)        00000
___int_sp                                  stack        00000
___latbits                                 (abs)        00002
___lwdiv                                   text15       000BF
___lwdiv@counter                           cstackCOMMON 00077
___lwdiv@dividend                          cstackCOMMON 00072
___lwdiv@divisor                           cstackCOMMON 00070
___lwdiv@quotient                          cstackCOMMON 00075
___lwmod                                   text14       00084
___lwmod@counter                           cstackCOMMON 0007D
___lwmod@dividend                          cstackCOMMON 0007A
___lwmod@divisor                           cstackCOMMON 00078
___sp                                      stack        00000
__end_of_OSCILLATOR_Initialize             text21       00FA6
__end_of_PORT_PIN_Initialize1              text20       00146
__end_of_SPI_ETHWIZ_Initialize             text19       00FBA
__end_of_SPI_ETHWIZ_Write                  text16       00014
__end_of_SPI_FLIR_Initialize               text18       00FC2
__end_of_UART_Initialize                   text17       01000
__end_of___lwdiv                           text15       00102
__end_of___lwmod                           text14       000BF
__end_of__initialization                   cinit        007FD
__end_of_dpowers                           stringtext1  0080A
__end_of_eth_wiz_configure                 text11       007CC
__end_of_eth_wiz_createSocket              text10       0058C
__end_of_eth_wiz_receive                   text9        00336
__end_of_eth_wiz_transmit_end_single_byte  text8        00197
__end_of_eth_wiz_transmit_start            text7        00084
__end_of_i2c_initialize                    text6        00FCB
__end_of_i2c_start                         text4        00FAC
__end_of_i2c_stop                          text3        00FB2
__end_of_i2c_waitForIdle                   text5        00024
__end_of_i2c_write                         text2        00FE7
__end_of_lepton_initialize                 text1        00051
__end_of_main                              maintext     00251
__end_of_printf                            text12       00425
__end_of_putch                             text13       00036
__initialization                           cinit        007CC
__pbssBANK1                                bssBANK1     000A0
__pbssBIGRAM                               (abs)        0234C
__pcstackBANK0                             cstackBANK0  00020
__pcstackBANK1                             cstackBANK1  000B6
__pcstackCOMMON                            cstackCOMMON 00070
__pdataBANK0                               dataBANK0    0006F
__pdataBANK1                               dataBANK1    000AD
__pidataBANK0                              idataBANK0   00004
__pidataBANK1                              idataBANK1   00FCB
__pmaintext                                maintext     00197
__pstringtext1                             stringtext1  00800
__pstringtext2                             stringtext2  0083C
__pstringtext3                             stringtext3  0085F
__pstringtext4                             stringtext4  00875
__pstringtext5                             stringtext5  01000
__pstringtext6                             stringtext6  0100B
__pstringtext7                             stringtext7  01014
__pstringtext8                             stringtext8  00000
__ptext1                                   text1        00036
__ptext10                                  text10       00425
__ptext11                                  text11       0058C
__ptext12                                  text12       00336
__ptext13                                  text13       00024
__ptext14                                  text14       00084
__ptext15                                  text15       000BF
__ptext16                                  text16       00005
__ptext17                                  text17       00FF3
__ptext18                                  text18       00FBA
__ptext19                                  text19       00FB2
__ptext2                                   text2        00FDD
__ptext20                                  text20       00102
__ptext21                                  text21       00FA0
__ptext3                                   text3        00FAC
__ptext4                                   text4        00FA6
__ptext5                                   text5        00014
__ptext6                                   text6        00FC2
__ptext7                                   text7        00051
__ptext8                                   text8        00146
__ptext9                                   text9        00251
__size_of_OSCILLATOR_Initialize            (abs)        00000
__size_of_PORT_PIN_Initialize1             (abs)        00000
__size_of_SPI_ETHWIZ_Initialize            (abs)        00000
__size_of_SPI_ETHWIZ_Write                 (abs)        00000
__size_of_SPI_FLIR_Initialize              (abs)        00000
__size_of_UART_Initialize                  (abs)        00000
__size_of___lwdiv                          (abs)        00000
__size_of___lwmod                          (abs)        00000
__size_of_eth_wiz_configure                (abs)        00000
__size_of_eth_wiz_createSocket             (abs)        00000
__size_of_eth_wiz_receive                  (abs)        00000
__size_of_eth_wiz_transmit_end_single_byte (abs)        00000
__size_of_eth_wiz_transmit_start           (abs)        00000
__size_of_i2c_initialize                   (abs)        00000
__size_of_i2c_start                        (abs)        00000
__size_of_i2c_stop                         (abs)        00000
__size_of_i2c_waitForIdle                  (abs)        00000
__size_of_i2c_write                        (abs)        00000
__size_of_lepton_initialize                (abs)        00000
__size_of_main                             (abs)        00000
__size_of_printf                           (abs)        00000
__size_of_putch                            (abs)        00000
_common_reg_read                           bssBANK1     000AA
_common_reg_write                          dataBANK1    000B2
_delay                                     barfunc      00FD4
_discard                                   bssBANK1     000AC
_dpowers                                   stringtext1  00800
_eth_wiz_configure                         text11       0058C
_eth_wiz_createSocket                      text10       00425
_eth_wiz_receive                           text9        00251
_eth_wiz_transmit_end_single_byte          text8        00146
_eth_wiz_transmit_start                    text7        00051
_i2c_initialize                            text6        00FC2
_i2c_start                                 text4        00FA6
_i2c_stop                                  text3        00FAC
_i2c_waitForIdle                           text5        00014
_i2c_write                                 text2        00FDD
_image_packet                              (abs)        0234C
_lepton_initialize                         text1        00036
_main                                      maintext     00197
_num_discard                               bssBANK1     000AB
_packet_index                              dataBANK1    000B3
_printf                                    text12       00336
_putch                                     text13       00024
_s0_IR_check                               bssBANK1     000A0
_s0_SR_check                               bssBANK1     000A1
_s0_reg_read                               dataBANK1    000B1
_s0_reg_write                              dataBANK0    0006F
_s0_rx_buf_read                            dataBANK1    000AD
_s0_rx_datalength_high                     bssBANK1     000A3
_s0_rx_datalength_low                      bssBANK1     000A2
_s0_rx_readpointer_high                    bssBANK1     000A7
_s0_rx_readpointer_low                     bssBANK1     000A6
_s0_rx_writepointer_high                   bssBANK1     000A5
_s0_rx_writepointer_low                    bssBANK1     000A4
_s0_tx_buf_write                           dataBANK1    000B0
_s0_tx_pointer_high                        bssBANK1     000A9
_s0_tx_pointer_low                         bssBANK1     000A8
btemp                                      (abs)        0007E
clear_ram0                                 clrtext      00FE7
end_of_initialization                      cinit        007FD
eth_wiz_configure@four                     cstackBANK0  0003F
eth_wiz_configure@one                      cstackBANK0  0003C
eth_wiz_configure@three                    cstackBANK0  0003E
eth_wiz_configure@two                      cstackBANK0  0003D
eth_wiz_createSocket@connected             cstackBANK0  00036
eth_wiz_createSocket@link_status           cstackBANK0  00035
eth_wiz_receive@data                       cstackBANK0  00039
eth_wiz_receive@datalength                 cstackBANK0  0006B
eth_wiz_receive@i                          cstackBANK0  0006D
eth_wiz_transmit_end_single_byte@value     cstackCOMMON 00076
i2c_write@i2cWriteData                     cstackCOMMON 00071
intlevel0                                  functab      00000
intlevel1                                  functab      00000
intlevel2                                  functab      00000
intlevel3                                  functab      00000
intlevel4                                  functab      00000
intlevel5                                  functab      00000
printf@ap                                  cstackBANK0  00030
printf@c                                   cstackBANK0  00033
printf@f                                   cstackBANK0  00020
printf@flag                                cstackBANK0  0002E
printf@prec                                cstackBANK0  0002F
printf@val                                 cstackBANK0  00031
putch@byte                                 cstackCOMMON 00070
reset_vec                                  reset_vec    00000
stackhi                                    (abs)        0234B
stacklo                                    (abs)        0206C
start                                      init         00002
start_initialization                       cinit        007CC
wtemp0                                     (abs)        0007E


FUNCTION INFORMATION:

 *************** function _main *****************
 Defined at:
		line 46 in file "main.c"
 Parameters:    Size  Location     Type
  argc            2    0[BANK1 ] int 
  argv            2    2[BANK1 ] PTR PTR unsigned char 
 Auto vars:     Size  Location     Type
		None
 Return value:  Size  Location     Type
                  2    0[BANK1 ] int 
 Registers used:
		wreg, fsr0l, fsr0h, fsr1l, fsr1h, status,2, status,0, pclath, cstack
 Tracked objects:
		On entry : 
		On exit  : 
		Unchanged: 
 Data sizes:     COMMON   BANK0   BANK1   BANK2   BANK3   BANK4   BANK5   BANK6   BANK7   BANK8   BANK9  BANK10  BANK11  BANK12
      Params:         0       0       4       0       0       0       0       0       0       0       0       0       0       0
      Locals:         0       0       0       0       0       0       0       0       0       0       0       0       0       0
      Temps:          0       0       2       0       0       0       0       0       0       0       0       0       0       0
      Totals:         0       0       6       0       0       0       0       0       0       0       0       0       0       0
Total ram usage:        6 bytes
 Hardware stack levels required when called:    3
 This function calls:
		_OSCILLATOR_Initialize
		_PORT_PIN_Initialize1
		_SPI_ETHWIZ_Initialize
		_SPI_ETHWIZ_Write
		_SPI_FLIR_Initialize
		_UART_Initialize
		_eth_wiz_configure
		_eth_wiz_createSocket
		_eth_wiz_receive
		_eth_wiz_transmit_end_single_byte
		_eth_wiz_transmit_start
		_i2c_initialize
		_lepton_initialize
		_printf
		_putch
 This function is called by:
		Startup code after reset
 This function uses a non-reentrant model


 *************** function _lepton_initialize *****************
 Defined at:
		line 30 in file "lepton.c"
 Parameters:    Size  Location     Type
		None
 Auto vars:     Size  Location     Type
		None
 Return value:  Size  Location     Type
                  1    wreg      void 
 Registers used:
		wreg, status,2, status,0, pclath, cstack
 Tracked objects:
		On entry : 
		On exit  : 
		Unchanged: 
 Data sizes:     COMMON   BANK0   BANK1   BANK2   BANK3   BANK4   BANK5   BANK6   BANK7   BANK8   BANK9  BANK10  BANK11  BANK12
      Params:         0       0       0       0       0       0       0       0       0       0       0       0       0       0
      Locals:         0       0       0       0       0       0       0       0       0       0       0       0       0       0
      Temps:          0       0       0       0       0       0       0       0       0       0       0       0       0       0
      Totals:         0       0       0       0       0       0       0       0       0       0       0       0       0       0
Total ram usage:        0 bytes
 Hardware stack levels used:    1
 Hardware stack levels required when called:    2
 This function calls:
		_i2c_start
		_i2c_stop
		_i2c_write
 This function is called by:
		_main
 This function uses a non-reentrant model


 *************** function _i2c_write *****************
 Defined at:
		line 141 in file "serial_i2c.c"
 Parameters:    Size  Location     Type
  i2cWriteData    1    wreg     unsigned char 
 Auto vars:     Size  Location     Type
  i2cWriteData    1    1[COMMON] unsigned char 
 Return value:  Size  Location     Type
                  1    wreg      unsigned char 
 Registers used:
		wreg, status,2, status,0, pclath, cstack
 Tracked objects:
		On entry : 
		On exit  : 
		Unchanged: 
 Data sizes:     COMMON   BANK0   BANK1   BANK2   BANK3   BANK4   BANK5   BANK6   BANK7   BANK8   BANK9  BANK10  BANK11  BANK12
      Params:         0       0       0       0       0       0       0       0       0       0       0       0       0       0
      Locals:         1       0       0       0       0       0       0       0       0       0       0       0       0       0
      Temps:          0       0       0       0       0       0       0       0       0       0       0       0       0       0
      Totals:         1       0       0       0       0       0       0       0       0       0       0       0       0       0
Total ram usage:        1 bytes
 Hardware stack levels used:    1
 Hardware stack levels required when called:    1
 This function calls:
		_i2c_waitForIdle
 This function is called by:
		_lepton_initialize
 This function uses a non-reentrant model


 *************** function _i2c_stop *****************
 Defined at:
		line 84 in file "serial_i2c.c"
 Parameters:    Size  Location     Type
		None
 Auto vars:     Size  Location     Type
		None
 Return value:  Size  Location     Type
                  1    wreg      void 
 Registers used:
		wreg, status,2, status,0, pclath, cstack
 Tracked objects:
		On entry : 
		On exit  : 
		Unchanged: 
 Data sizes:     COMMON   BANK0   BANK1   BANK2   BANK3   BANK4   BANK5   BANK6   BANK7   BANK8   BANK9  BANK10  BANK11  BANK12
      Params:         0       0       0       0       0       0       0       0       0       0       0       0       0       0
      Locals:         0       0       0       0       0       0       0       0       0       0       0       0       0       0
      Temps:          0       0       0       0       0       0       0       0       0       0       0       0       0       0
      Totals:         0       0       0       0       0       0       0       0       0       0       0       0       0       0
Total ram usage:        0 bytes
 Hardware stack levels used:    1
 Hardware stack levels required when called:    1
 This function calls:
		_i2c_waitForIdle
 This function is called by:
		_lepton_initialize
 This function uses a non-reentrant model


 *************** function _i2c_start *****************
 Defined at:
		line 53 in file "serial_i2c.c"
 Parameters:    Size  Location     Type
		None
 Auto vars:     Size  Location     Type
		None
 Return value:  Size  Location     Type
                  1    wreg      void 
 Registers used:
		wreg, status,2, status,0, pclath, cstack
 Tracked objects:
		On entry : 
		On exit  : 
		Unchanged: 
 Data sizes:     COMMON   BANK0   BANK1   BANK2   BANK3   BANK4   BANK5   BANK6   BANK7   BANK8   BANK9  BANK10  BANK11  BANK12
      Params:         0       0       0       0       0       0       0       0       0       0       0       0       0       0
      Locals:         0       0       0       0       0       0       0       0       0       0       0       0       0       0
      Temps:          0       0       0       0       0       0       0       0       0       0       0       0       0       0
      Totals:         0       0       0       0       0       0       0       0       0       0       0       0       0       0
Total ram usage:        0 bytes
 Hardware stack levels used:    1
 Hardware stack levels required when called:    1
 This function calls:
		_i2c_waitForIdle
 This function is called by:
		_lepton_initialize
 This function uses a non-reentrant model


 *************** function _i2c_waitForIdle *****************
 Defined at:
		line 41 in file "serial_i2c.c"
 Parameters:    Size  Location     Type
		None
 Auto vars:     Size  Location     Type
		None
 Return value:  Size  Location     Type
                  1    wreg      void 
 Registers used:
		wreg, status,2, status,0
 Tracked objects:
		On entry : 
		On exit  : 
		Unchanged: 
 Data sizes:     COMMON   BANK0   BANK1   BANK2   BANK3   BANK4   BANK5   BANK6   BANK7   BANK8   BANK9  BANK10  BANK11  BANK12
      Params:         0       0       0       0       0       0       0       0       0       0       0       0       0       0
      Locals:         0       0       0       0       0       0       0       0       0       0       0       0       0       0
      Temps:          1       0       0       0       0       0       0       0       0       0       0       0       0       0
      Totals:         1       0       0       0       0       0       0       0       0       0       0       0       0       0
Total ram usage:        1 bytes
 Hardware stack levels used:    1
 This function calls:
		Nothing
 This function is called by:
		_i2c_start
		_i2c_stop
		_i2c_write
		_i2c_repStart
		_i2c_read
 This function uses a non-reentrant model


 *************** function _i2c_initialize *****************
 Defined at:
		line 25 in file "serial_i2c.c"
 Parameters:    Size  Location     Type
		None
 Auto vars:     Size  Location     Type
		None
 Return value:  Size  Location     Type
                  1    wreg      void 
 Registers used:
		wreg, status,2
 Tracked objects:
		On entry : 
		On exit  : 
		Unchanged: 
 Data sizes:     COMMON   BANK0   BANK1   BANK2   BANK3   BANK4   BANK5   BANK6   BANK7   BANK8   BANK9  BANK10  BANK11  BANK12
      Params:         0       0       0       0       0       0       0       0       0       0       0       0       0       0
      Locals:         0       0       0       0       0       0       0       0       0       0       0       0       0       0
      Temps:          0       0       0       0       0       0       0       0       0       0       0       0       0       0
      Totals:         0       0       0       0       0       0       0       0       0       0       0       0       0       0
Total ram usage:        0 bytes
 Hardware stack levels used:    1
 This function calls:
		Nothing
 This function is called by:
		_main
 This function uses a non-reentrant model


 *************** function _eth_wiz_transmit_start *****************
 Defined at:
		line 426 in file "eth_wiz.c"
 Parameters:    Size  Location     Type
		None
 Auto vars:     Size  Location     Type
		None
 Return value:  Size  Location     Type
                  1    wreg      void 
 Registers used:
		wreg, status,2, status,0, pclath, cstack
 Tracked objects:
		On entry : 
		On exit  : 
		Unchanged: 
 Data sizes:     COMMON   BANK0   BANK1   BANK2   BANK3   BANK4   BANK5   BANK6   BANK7   BANK8   BANK9  BANK10  BANK11  BANK12
      Params:         0       0       0       0       0       0       0       0       0       0       0       0       0       0
      Locals:         0       0       0       0       0       0       0       0       0       0       0       0       0       0
      Temps:          1       0       0       0       0       0       0       0       0       0       0       0       0       0
      Totals:         1       0       0       0       0       0       0       0       0       0       0       0       0       0
Total ram usage:        1 bytes
 Hardware stack levels used:    1
 Hardware stack levels required when called:    1
 This function calls:
		_SPI_ETHWIZ_Write
 This function is called by:
		_main
		_lepton_send_packet_option1
		_lepton_send_packet_option2
 This function uses a non-reentrant model


 *************** function _eth_wiz_transmit_end_single_byte *****************
 Defined at:
		line 488 in file "eth_wiz.c"
 Parameters:    Size  Location     Type
		None
 Auto vars:     Size  Location     Type
  value           2    6[COMMON] unsigned int 
 Return value:  Size  Location     Type
                  1    wreg      void 
 Registers used:
		wreg, status,2, status,0, pclath, cstack
 Tracked objects:
		On entry : 
		On exit  : 
		Unchanged: 
 Data sizes:     COMMON   BANK0   BANK1   BANK2   BANK3   BANK4   BANK5   BANK6   BANK7   BANK8   BANK9  BANK10  BANK11  BANK12
      Params:         0       0       0       0       0       0       0       0       0       0       0       0       0       0
      Locals:         2       0       0       0       0       0       0       0       0       0       0       0       0       0
      Temps:          5       0       0       0       0       0       0       0       0       0       0       0       0       0
      Totals:         7       0       0       0       0       0       0       0       0       0       0       0       0       0
Total ram usage:        7 bytes
 Hardware stack levels used:    1
 Hardware stack levels required when called:    1
 This function calls:
		_SPI_ETHWIZ_Write
 This function is called by:
		_main
 This function uses a non-reentrant model


 *************** function _eth_wiz_receive *****************
 Defined at:
		line 527 in file "eth_wiz.c"
 Parameters:    Size  Location     Type
		None
 Auto vars:     Size  Location     Type
  i               2   77[BANK0 ] int 
  data           50   25[BANK0 ] unsigned char [50]
  datalength      2   75[BANK0 ] unsigned int 
 Return value:  Size  Location     Type
                  1    wreg      void 
 Registers used:
		wreg, fsr0l, fsr0h, fsr1l, fsr1h, status,2, status,0, pclath, cstack
 Tracked objects:
		On entry : 
		On exit  : 
		Unchanged: 
 Data sizes:     COMMON   BANK0   BANK1   BANK2   BANK3   BANK4   BANK5   BANK6   BANK7   BANK8   BANK9  BANK10  BANK11  BANK12
      Params:         0       0       0       0       0       0       0       0       0       0       0       0       0       0
      Locals:         0      54       0       0       0       0       0       0       0       0       0       0       0       0
      Temps:          0       5       0       0       0       0       0       0       0       0       0       0       0       0
      Totals:         0      59       0       0       0       0       0       0       0       0       0       0       0       0
Total ram usage:       59 bytes
 Hardware stack levels used:    1
 Hardware stack levels required when called:    2
 This function calls:
		_SPI_ETHWIZ_Write
		_printf
 This function is called by:
		_main
 This function uses a non-reentrant model


 *************** function _eth_wiz_createSocket *****************
 Defined at:
		line 285 in file "eth_wiz.c"
 Parameters:    Size  Location     Type
		None
 Auto vars:     Size  Location     Type
  connected       1   22[BANK0 ] unsigned char 
  link_status     1   21[BANK0 ] unsigned char 
 Return value:  Size  Location     Type
                  1    wreg      void 
 Registers used:
		wreg, fsr0l, fsr0h, fsr1l, fsr1h, status,2, status,0, pclath, cstack
 Tracked objects:
		On entry : 
		On exit  : 
		Unchanged: 
 Data sizes:     COMMON   BANK0   BANK1   BANK2   BANK3   BANK4   BANK5   BANK6   BANK7   BANK8   BANK9  BANK10  BANK11  BANK12
      Params:         0       0       0       0       0       0       0       0       0       0       0       0       0       0
      Locals:         0       2       0       0       0       0       0       0       0       0       0       0       0       0
      Temps:          0       1       0       0       0       0       0       0       0       0       0       0       0       0
      Totals:         0       3       0       0       0       0       0       0       0       0       0       0       0       0
Total ram usage:        3 bytes
 Hardware stack levels used:    1
 Hardware stack levels required when called:    2
 This function calls:
		_SPI_ETHWIZ_Write
		_printf
 This function is called by:
		_main
 This function uses a non-reentrant model


 *************** function _eth_wiz_configure *****************
 Defined at:
		line 56 in file "eth_wiz.c"
 Parameters:    Size  Location     Type
		None
 Auto vars:     Size  Location     Type
  four            1   31[BANK0 ] unsigned char 
  three           1   30[BANK0 ] unsigned char 
  two             1   29[BANK0 ] unsigned char 
  one             1   28[BANK0 ] unsigned char 
 Return value:  Size  Location     Type
                  1    wreg      void 
 Registers used:
		wreg, fsr0l, fsr0h, fsr1l, fsr1h, status,2, status,0, pclath, cstack
 Tracked objects:
		On entry : 
		On exit  : 
		Unchanged: 
 Data sizes:     COMMON   BANK0   BANK1   BANK2   BANK3   BANK4   BANK5   BANK6   BANK7   BANK8   BANK9  BANK10  BANK11  BANK12
      Params:         0       0       0       0       0       0       0       0       0       0       0       0       0       0
      Locals:         0       4       0       0       0       0       0       0       0       0       0       0       0       0
      Temps:          0       8       0       0       0       0       0       0       0       0       0       0       0       0
      Totals:         0      12       0       0       0       0       0       0       0       0       0       0       0       0
Total ram usage:       12 bytes
 Hardware stack levels used:    1
 Hardware stack levels required when called:    2
 This function calls:
		_SPI_ETHWIZ_Write
		_printf
 This function is called by:
		_main
 This function uses a non-reentrant model


 *************** function _printf *****************
 Defined at:
		line 472 in file "C:\Program Files (x86)\Microchip\xc8\v2.00\pic\sources\c90\common\doprnt.c"
 Parameters:    Size  Location     Type
  f               2    0[BANK0 ] PTR const unsigned char 
		 -> STR_8(4), STR_7(3), STR_6(14), STR_5(11), 
		 -> STR_4(35), STR_3(50), STR_2(22), STR_1(9), 
 Auto vars:     Size  Location     Type
  tmpval          4    0        struct .
  val             2   17[BANK0 ] unsigned int 
  cp              2    0        PTR const unsigned char 
  len             2    0        unsigned int 
  c               1   19[BANK0 ] unsigned char 
  ap              1   16[BANK0 ] PTR void [1]
		 -> ?_printf(2), 
  prec            1   15[BANK0 ] char 
  flag            1   14[BANK0 ] unsigned char 
 Return value:  Size  Location     Type
                  2    0[BANK0 ] int 
 Registers used:
		wreg, fsr0l, fsr0h, fsr1l, fsr1h, status,2, status,0, pclath, cstack
 Tracked objects:
		On entry : 
		On exit  : 
		Unchanged: 
 Data sizes:     COMMON   BANK0   BANK1   BANK2   BANK3   BANK4   BANK5   BANK6   BANK7   BANK8   BANK9  BANK10  BANK11  BANK12
      Params:         0      10       0       0       0       0       0       0       0       0       0       0       0       0
      Locals:         0       6       0       0       0       0       0       0       0       0       0       0       0       0
      Temps:          0       4       0       0       0       0       0       0       0       0       0       0       0       0
      Totals:         0      20       0       0       0       0       0       0       0       0       0       0       0       0
Total ram usage:       20 bytes
 Hardware stack levels used:    1
 Hardware stack levels required when called:    1
 This function calls:
		___lwdiv
		___lwmod
		_putch
 This function is called by:
		_main
		_eth_wiz_configure
		_eth_wiz_createSocket
		_eth_wiz_receive
 This function uses a non-reentrant model


 *************** function _putch *****************
 Defined at:
		line 87 in file "serial_uart.c"
 Parameters:    Size  Location     Type
  byte            1    wreg     unsigned char 
 Auto vars:     Size  Location     Type
  byte            1    0[COMMON] unsigned char 
 Return value:  Size  Location     Type
                  1    wreg      void 
 Registers used:
		wreg
 Tracked objects:
		On entry : 
		On exit  : 
		Unchanged: 
 Data sizes:     COMMON   BANK0   BANK1   BANK2   BANK3   BANK4   BANK5   BANK6   BANK7   BANK8   BANK9  BANK10  BANK11  BANK12
      Params:         0       0       0       0       0       0       0       0       0       0       0       0       0       0
      Locals:         1       0       0       0       0       0       0       0       0       0       0       0       0       0
      Temps:          0       0       0       0       0       0       0       0       0       0       0       0       0       0
      Totals:         1       0       0       0       0       0       0       0       0       0       0       0       0       0
Total ram usage:        1 bytes
 Hardware stack levels used:    1
 This function calls:
		Nothing
 This function is called by:
		_main
		_printf
 This function uses a non-reentrant model


 *************** function ___lwmod *****************
 Defined at:
		line 5 in file "C:\Program Files (x86)\Microchip\xc8\v2.00\pic\sources\c90\common\lwmod.c"
 Parameters:    Size  Location     Type
  divisor         2    8[COMMON] unsigned int 
  dividend        2   10[COMMON] unsigned int 
 Auto vars:     Size  Location     Type
  counter         1   13[COMMON] unsigned char 
 Return value:  Size  Location     Type
                  2    8[COMMON] unsigned int 
 Registers used:
		wreg, status,2, status,0
 Tracked objects:
		On entry : 
		On exit  : 
		Unchanged: 
 Data sizes:     COMMON   BANK0   BANK1   BANK2   BANK3   BANK4   BANK5   BANK6   BANK7   BANK8   BANK9  BANK10  BANK11  BANK12
      Params:         4       0       0       0       0       0       0       0       0       0       0       0       0       0
      Locals:         1       0       0       0       0       0       0       0       0       0       0       0       0       0
      Temps:          1       0       0       0       0       0       0       0       0       0       0       0       0       0
      Totals:         6       0       0       0       0       0       0       0       0       0       0       0       0       0
Total ram usage:        6 bytes
 Hardware stack levels used:    1
 This function calls:
		Nothing
 This function is called by:
		_printf
 This function uses a non-reentrant model


 *************** function ___lwdiv *****************
 Defined at:
		line 5 in file "C:\Program Files (x86)\Microchip\xc8\v2.00\pic\sources\c90\common\lwdiv.c"
 Parameters:    Size  Location     Type
  divisor         2    0[COMMON] unsigned int 
  dividend        2    2[COMMON] unsigned int 
 Auto vars:     Size  Location     Type
  quotient        2    5[COMMON] unsigned int 
  counter         1    7[COMMON] unsigned char 
 Return value:  Size  Location     Type
                  2    0[COMMON] unsigned int 
 Registers used:
		wreg, status,2, status,0
 Tracked objects:
		On entry : 
		On exit  : 
		Unchanged: 
 Data sizes:     COMMON   BANK0   BANK1   BANK2   BANK3   BANK4   BANK5   BANK6   BANK7   BANK8   BANK9  BANK10  BANK11  BANK12
      Params:         4       0       0       0       0       0       0       0       0       0       0       0       0       0
      Locals:         3       0       0       0       0       0       0       0       0       0       0       0       0       0
      Temps:          1       0       0       0       0       0       0       0       0       0       0       0       0       0
      Totals:         8       0       0       0       0       0       0       0       0       0       0       0       0       0
Total ram usage:        8 bytes
 Hardware stack levels used:    1
 This function calls:
		Nothing
 This function is called by:
		_printf
 This function uses a non-reentrant model


 *************** function _SPI_ETHWIZ_Write *****************
 Defined at:
		line 50 in file "serial_spi.c"
 Parameters:    Size  Location     Type
  data            1    wreg     unsigned char 
 Auto vars:     Size  Location     Type
  data            1    0[COMMON] unsigned char 
 Return value:  Size  Location     Type
                  1    wreg      unsigned char 
 Registers used:
		wreg
 Tracked objects:
		On entry : 
		On exit  : 
		Unchanged: 
 Data sizes:     COMMON   BANK0   BANK1   BANK2   BANK3   BANK4   BANK5   BANK6   BANK7   BANK8   BANK9  BANK10  BANK11  BANK12
      Params:         0       0       0       0       0       0       0       0       0       0       0       0       0       0
      Locals:         1       0       0       0       0       0       0       0       0       0       0       0       0       0
      Temps:          0       0       0       0       0       0       0       0       0       0       0       0       0       0
      Totals:         1       0       0       0       0       0       0       0       0       0       0       0       0       0
Total ram usage:        1 bytes
 Hardware stack levels used:    1
 This function calls:
		Nothing
 This function is called by:
		_main
		_eth_wiz_configure
		_eth_wiz_createSocket
		_eth_wiz_transmit_start
		_eth_wiz_transmit_end_single_byte
		_eth_wiz_receive
		_lepton_send_packet_option1
		_eth_wiz_transmit_end
 This function uses a non-reentrant model


 *************** function _UART_Initialize *****************
 Defined at:
		line 25 in file "serial_uart.c"
 Parameters:    Size  Location     Type
		None
 Auto vars:     Size  Location     Type
		None
 Return value:  Size  Location     Type
                  1    wreg      void 
 Registers used:
		wreg, status,2
 Tracked objects:
		On entry : 
		On exit  : 
		Unchanged: 
 Data sizes:     COMMON   BANK0   BANK1   BANK2   BANK3   BANK4   BANK5   BANK6   BANK7   BANK8   BANK9  BANK10  BANK11  BANK12
      Params:         0       0       0       0       0       0       0       0       0       0       0       0       0       0
      Locals:         0       0       0       0       0       0       0       0       0       0       0       0       0       0
      Temps:          0       0       0       0       0       0       0       0       0       0       0       0       0       0
      Totals:         0       0       0       0       0       0       0       0       0       0       0       0       0       0
Total ram usage:        0 bytes
 Hardware stack levels used:    1
 This function calls:
		Nothing
 This function is called by:
		_main
 This function uses a non-reentrant model


 *************** function _SPI_FLIR_Initialize *****************
 Defined at:
		line 68 in file "serial_spi.c"
 Parameters:    Size  Location     Type
		None
 Auto vars:     Size  Location     Type
		None
 Return value:  Size  Location     Type
                  1    wreg      void 
 Registers used:
		wreg
 Tracked objects:
		On entry : 
		On exit  : 
		Unchanged: 
 Data sizes:     COMMON   BANK0   BANK1   BANK2   BANK3   BANK4   BANK5   BANK6   BANK7   BANK8   BANK9  BANK10  BANK11  BANK12
      Params:         0       0       0       0       0       0       0       0       0       0       0       0       0       0
      Locals:         0       0       0       0       0       0       0       0       0       0       0       0       0       0
      Temps:          0       0       0       0       0       0       0       0       0       0       0       0       0       0
      Totals:         0       0       0       0       0       0       0       0       0       0       0       0       0       0
Total ram usage:        0 bytes
 Hardware stack levels used:    1
 This function calls:
		Nothing
 This function is called by:
		_main
 This function uses a non-reentrant model


 *************** function _SPI_ETHWIZ_Initialize *****************
 Defined at:
		line 25 in file "serial_spi.c"
 Parameters:    Size  Location     Type
		None
 Auto vars:     Size  Location     Type
		None
 Return value:  Size  Location     Type
                  1    wreg      void 
 Registers used:
		wreg
 Tracked objects:
		On entry : 
		On exit  : 
		Unchanged: 
 Data sizes:     COMMON   BANK0   BANK1   BANK2   BANK3   BANK4   BANK5   BANK6   BANK7   BANK8   BANK9  BANK10  BANK11  BANK12
      Params:         0       0       0       0       0       0       0       0       0       0       0       0       0       0
      Locals:         0       0       0       0       0       0       0       0       0       0       0       0       0       0
      Temps:          0       0       0       0       0       0       0       0       0       0       0       0       0       0
      Totals:         0       0       0       0       0       0       0       0       0       0       0       0       0       0
Total ram usage:        0 bytes
 Hardware stack levels used:    1
 This function calls:
		Nothing
 This function is called by:
		_main
 This function uses a non-reentrant model


 *************** function _PORT_PIN_Initialize1 *****************
 Defined at:
		line 37 in file "config.c"
 Parameters:    Size  Location     Type
		None
 Auto vars:     Size  Location     Type
		None
 Return value:  Size  Location     Type
                  1    wreg      void 
 Registers used:
		wreg, status,2
 Tracked objects:
		On entry : 
		On exit  : 
		Unchanged: 
 Data sizes:     COMMON   BANK0   BANK1   BANK2   BANK3   BANK4   BANK5   BANK6   BANK7   BANK8   BANK9  BANK10  BANK11  BANK12
      Params:         0       0       0       0       0       0       0       0       0       0       0       0       0       0
      Locals:         0       0       0       0       0       0       0       0       0       0       0       0       0       0
      Temps:          0       0       0       0       0       0       0       0       0       0       0       0       0       0
      Totals:         0       0       0       0       0       0       0       0       0       0       0       0       0       0
Total ram usage:        0 bytes
 Hardware stack levels used:    1
 This function calls:
		Nothing
 This function is called by:
		_main
 This function uses a non-reentrant model


 *************** function _OSCILLATOR_Initialize *****************
 Defined at:
		line 22 in file "config.c"
 Parameters:    Size  Location     Type
		None
 Auto vars:     Size  Location     Type
		None
 Return value:  Size  Location     Type
                  1    wreg      void 
 Registers used:
		wreg
 Tracked objects:
		On entry : 
		On exit  : 
		Unchanged: 
 Data sizes:     COMMON   BANK0   BANK1   BANK2   BANK3   BANK4   BANK5   BANK6   BANK7   BANK8   BANK9  BANK10  BANK11  BANK12
      Params:         0       0       0       0       0       0       0       0       0       0       0       0       0       0
      Locals:         0       0       0       0       0       0       0       0       0       0       0       0       0       0
      Temps:          0       0       0       0       0       0       0       0       0       0       0       0       0       0
      Totals:         0       0       0       0       0       0       0       0       0       0       0       0       0       0
Total ram usage:        0 bytes
 Hardware stack levels used:    1
 This function calls:
		Nothing
 This function is called by:
		_main
 This function uses a non-reentrant model



MODULE INFORMATION

Module		Function		Class		Link	Load	Size
lepton.c
		_lepton_initialize		CODE           	0036	0000	28

lepton.c estimated size: 28

C:\Program Files (x86)\Microchip\xc8\v2.00\pic\sources\c90\common\lwmod.c
		___lwmod       		CODE           	0084	0000	60

C:\Program Files (x86)\Microchip\xc8\v2.00\pic\sources\c90\common\lwmod.c estimated size: 60

serial_spi.c
		_SPI_ETHWIZ_Initialize		CODE           	0FB2	0000	9
		_SPI_ETHWIZ_Write		CODE           	0005	0000	16
		_SPI_FLIR_Initialize		CODE           	0FBA	0000	9

serial_spi.c estimated size: 34

C:\Program Files (x86)\Microchip\xc8\v2.00\pic\sources\c90\common\doprnt.c
		_printf        		CODE           	0336	0000	240

C:\Program Files (x86)\Microchip\xc8\v2.00\pic\sources\c90\common\doprnt.c estimated size: 240

serial_uart.c
		_putch         		CODE           	0024	0000	19
		_UART_Initialize		CODE           	0FF3	0000	14

serial_uart.c estimated size: 33

eth_wiz.c
		_eth_wiz_configure		CODE           	058C	0000	577
		_eth_wiz_transmit_start		CODE           	0051	0000	52
		_eth_wiz_receive		CODE           	0251	0000	230
		_eth_wiz_createSocket		CODE           	0425	0000	360
		_eth_wiz_transmit_end_single_byte		CODE           	0146	0000	82

eth_wiz.c estimated size: 1301

C:\Program Files (x86)\Microchip\xc8\v2.00\pic\sources\c90\common\lwdiv.c
		___lwdiv       		CODE           	00BF	0000	68

C:\Program Files (x86)\Microchip\xc8\v2.00\pic\sources\c90\common\lwdiv.c estimated size: 68

config.c
		_OSCILLATOR_Initialize		CODE           	0FA0	0000	7
		_PORT_PIN_Initialize1		CODE           	0102	0000	69

config.c estimated size: 76

shared
		_dpowers       		STRCODE        	0800	0000	11
		__initialization		CODE           	07CC	0000	50

shared estimated size: 61

serial_i2c.c
		_i2c_initialize		CODE           	0FC2	0000	10
		_i2c_start     		CODE           	0FA6	0000	7
		_i2c_waitForIdle		CODE           	0014	0000	17
		_i2c_write     		CODE           	0FDD	0000	11
		_i2c_stop      		CODE           	0FAC	0000	7

serial_i2c.c estimated size: 52

main.c
		_main          		CODE           	0197	0000	187

main.c estimated size: 187

